Archive member included to satisfy reference by file (symbol)

c:/st/stm32cubeide_1.5.1/stm32cubeide/plugins/com.st.stm32cube.ide.mcu.externaltools.gnu-tools-for-stm32.9-2020-q2-update.win32_1.5.0.202011040924/tools/bin/../lib/gcc/arm-none-eabi/9.3.1/../../../../arm-none-eabi/lib/thumb/v7e-m+fp/hard\libc_nano.a(lib_a-errno.o)
                              Src/syscalls.o (__errno)
c:/st/stm32cubeide_1.5.1/stm32cubeide/plugins/com.st.stm32cube.ide.mcu.externaltools.gnu-tools-for-stm32.9-2020-q2-update.win32_1.5.0.202011040924/tools/bin/../lib/gcc/arm-none-eabi/9.3.1/../../../../arm-none-eabi/lib/thumb/v7e-m+fp/hard\libc_nano.a(lib_a-exit.o)
                              c:/st/stm32cubeide_1.5.1/stm32cubeide/plugins/com.st.stm32cube.ide.mcu.externaltools.gnu-tools-for-stm32.9-2020-q2-update.win32_1.5.0.202011040924/tools/bin/../lib/gcc/arm-none-eabi/9.3.1/../../../../arm-none-eabi/lib/thumb/v7e-m+fp/hard/crt0.o (exit)
c:/st/stm32cubeide_1.5.1/stm32cubeide/plugins/com.st.stm32cube.ide.mcu.externaltools.gnu-tools-for-stm32.9-2020-q2-update.win32_1.5.0.202011040924/tools/bin/../lib/gcc/arm-none-eabi/9.3.1/../../../../arm-none-eabi/lib/thumb/v7e-m+fp/hard\libc_nano.a(lib_a-impure.o)
                              c:/st/stm32cubeide_1.5.1/stm32cubeide/plugins/com.st.stm32cube.ide.mcu.externaltools.gnu-tools-for-stm32.9-2020-q2-update.win32_1.5.0.202011040924/tools/bin/../lib/gcc/arm-none-eabi/9.3.1/../../../../arm-none-eabi/lib/thumb/v7e-m+fp/hard\libc_nano.a(lib_a-exit.o) (_global_impure_ptr)
c:/st/stm32cubeide_1.5.1/stm32cubeide/plugins/com.st.stm32cube.ide.mcu.externaltools.gnu-tools-for-stm32.9-2020-q2-update.win32_1.5.0.202011040924/tools/bin/../lib/gcc/arm-none-eabi/9.3.1/../../../../arm-none-eabi/lib/thumb/v7e-m+fp/hard\libc_nano.a(lib_a-init.o)
                              c:/st/stm32cubeide_1.5.1/stm32cubeide/plugins/com.st.stm32cube.ide.mcu.externaltools.gnu-tools-for-stm32.9-2020-q2-update.win32_1.5.0.202011040924/tools/bin/../lib/gcc/arm-none-eabi/9.3.1/../../../../arm-none-eabi/lib/thumb/v7e-m+fp/hard/crt0.o (__libc_init_array)
c:/st/stm32cubeide_1.5.1/stm32cubeide/plugins/com.st.stm32cube.ide.mcu.externaltools.gnu-tools-for-stm32.9-2020-q2-update.win32_1.5.0.202011040924/tools/bin/../lib/gcc/arm-none-eabi/9.3.1/../../../../arm-none-eabi/lib/thumb/v7e-m+fp/hard\libc_nano.a(lib_a-memcpy-stub.o)
                              Middlewares/Third_Party/FreeRTOS/Source/queue.o (memcpy)
c:/st/stm32cubeide_1.5.1/stm32cubeide/plugins/com.st.stm32cube.ide.mcu.externaltools.gnu-tools-for-stm32.9-2020-q2-update.win32_1.5.0.202011040924/tools/bin/../lib/gcc/arm-none-eabi/9.3.1/../../../../arm-none-eabi/lib/thumb/v7e-m+fp/hard\libc_nano.a(lib_a-memset.o)
                              c:/st/stm32cubeide_1.5.1/stm32cubeide/plugins/com.st.stm32cube.ide.mcu.externaltools.gnu-tools-for-stm32.9-2020-q2-update.win32_1.5.0.202011040924/tools/bin/../lib/gcc/arm-none-eabi/9.3.1/../../../../arm-none-eabi/lib/thumb/v7e-m+fp/hard/crt0.o (memset)
c:/st/stm32cubeide_1.5.1/stm32cubeide/plugins/com.st.stm32cube.ide.mcu.externaltools.gnu-tools-for-stm32.9-2020-q2-update.win32_1.5.0.202011040924/tools/bin/../lib/gcc/arm-none-eabi/9.3.1/../../../../arm-none-eabi/lib/thumb/v7e-m+fp/hard\libc_nano.a(lib_a-sprintf.o)
                              Middlewares/Third_Party/FreeRTOS/Source/tasks.o (sprintf)
c:/st/stm32cubeide_1.5.1/stm32cubeide/plugins/com.st.stm32cube.ide.mcu.externaltools.gnu-tools-for-stm32.9-2020-q2-update.win32_1.5.0.202011040924/tools/bin/../lib/gcc/arm-none-eabi/9.3.1/../../../../arm-none-eabi/lib/thumb/v7e-m+fp/hard\libc_nano.a(lib_a-strcpy.o)
                              Middlewares/Third_Party/FreeRTOS/Source/tasks.o (strcpy)
c:/st/stm32cubeide_1.5.1/stm32cubeide/plugins/com.st.stm32cube.ide.mcu.externaltools.gnu-tools-for-stm32.9-2020-q2-update.win32_1.5.0.202011040924/tools/bin/../lib/gcc/arm-none-eabi/9.3.1/../../../../arm-none-eabi/lib/thumb/v7e-m+fp/hard\libc_nano.a(lib_a-strlen.o)
                              Middlewares/Third_Party/FreeRTOS/Source/tasks.o (strlen)
c:/st/stm32cubeide_1.5.1/stm32cubeide/plugins/com.st.stm32cube.ide.mcu.externaltools.gnu-tools-for-stm32.9-2020-q2-update.win32_1.5.0.202011040924/tools/bin/../lib/gcc/arm-none-eabi/9.3.1/../../../../arm-none-eabi/lib/thumb/v7e-m+fp/hard\libc_nano.a(lib_a-nano-svfprintf.o)
                              c:/st/stm32cubeide_1.5.1/stm32cubeide/plugins/com.st.stm32cube.ide.mcu.externaltools.gnu-tools-for-stm32.9-2020-q2-update.win32_1.5.0.202011040924/tools/bin/../lib/gcc/arm-none-eabi/9.3.1/../../../../arm-none-eabi/lib/thumb/v7e-m+fp/hard\libc_nano.a(lib_a-sprintf.o) (_svfprintf_r)
c:/st/stm32cubeide_1.5.1/stm32cubeide/plugins/com.st.stm32cube.ide.mcu.externaltools.gnu-tools-for-stm32.9-2020-q2-update.win32_1.5.0.202011040924/tools/bin/../lib/gcc/arm-none-eabi/9.3.1/../../../../arm-none-eabi/lib/thumb/v7e-m+fp/hard\libc_nano.a(lib_a-nano-vfprintf_i.o)
[...]
Memory Configuration

Name             Origin             Length             Attributes
RAM              0x0000000020000000 0x0000000000020000 xrw
FLASH            0x0000000008000000 0x0000000000080000 xr
*default*        0x0000000000000000 0xffffffffffffffff

Linker script and memory map

LOAD c:/st/stm32cubeide_1.5.1/stm32cubeide/plugins/com.st.stm32cube.ide.mcu.externaltools.gnu-tools-for-stm32.9-2020-q2-update.win32_1.5.0.202011040924/tools/bin/../lib/gcc/arm-none-eabi/9.3.1/thumb/v7e-m+fp/hard/crti.o
LOAD c:/st/stm32cubeide_1.5.1/stm32cubeide/plugins/com.st.stm32cube.ide.mcu.externaltools.gnu-tools-for-stm32.9-2020-q2-update.win32_1.5.0.202011040924/tools/bin/../lib/gcc/arm-none-eabi/9.3.1/thumb/v7e-m+fp/hard/crtbegin.o
LOAD c:/st/stm32cubeide_1.5.1/stm32cubeide/plugins/com.st.stm32cube.ide.mcu.externaltools.gnu-tools-for-stm32.9-2020-q2-update.win32_1.5.0.202011040924/tools/bin/../lib/gcc/arm-none-eabi/9.3.1/../../../../arm-none-eabi/lib/thumb/v7e-m+fp/hard/crt0.o
LOAD Drivers/STM32F4xx_HAL_Driver/Src/stm32f4xx_hal.o
LOAD Drivers/STM32F4xx_HAL_Driver/Src/stm32f4xx_hal_adc.o
LOAD Drivers/STM32F4xx_HAL_Driver/Src/stm32f4xx_hal_adc_ex.o
LOAD Drivers/STM32F4xx_HAL_Driver/Src/stm32f4xx_hal_cortex.o
LOAD Drivers/STM32F4xx_HAL_Driver/Src/stm32f4xx_hal_dma.o
LOAD Drivers/STM32F4xx_HAL_Driver/Src/stm32f4xx_hal_dma_ex.o
LOAD Drivers/STM32F4xx_HAL_Driver/Src/stm32f4xx_hal_exti.o
LOAD Drivers/STM32F4xx_HAL_Driver/Src/stm32f4xx_hal_flash.o
LOAD Drivers/STM32F4xx_HAL_Driver/Src/stm32f4xx_hal_flash_ex.o
LOAD Drivers/STM32F4xx_HAL_Driver/Src/stm32f4xx_hal_flash_ramfunc.o
LOAD Drivers/STM32F4xx_HAL_Driver/Src/stm32f4xx_hal_gpio.o
LOAD Drivers/STM32F4xx_HAL_Driver/Src/stm32f4xx_hal_pwr.o
LOAD Drivers/STM32F4xx_HAL_Driver/Src/stm32f4xx_hal_pwr_ex.o
LOAD Drivers/STM32F4xx_HAL_Driver/Src/stm32f4xx_hal_rcc.o
LOAD Drivers/STM32F4xx_HAL_Driver/Src/stm32f4xx_hal_rcc_ex.o
LOAD Drivers/STM32F4xx_HAL_Driver/Src/stm32f4xx_hal_tim.o
LOAD Drivers/STM32F4xx_HAL_Driver/Src/stm32f4xx_hal_tim_ex.o
LOAD Drivers/STM32F4xx_HAL_Driver/Src/stm32f4xx_hal_uart.o
LOAD Middlewares/Third_Party/FreeRTOS/Source/CMSIS_RTOS/cmsis_os.o
LOAD Middlewares/Third_Party/FreeRTOS/Source/croutine.o
LOAD Middlewares/Third_Party/FreeRTOS/Source/event_groups.o
LOAD Middlewares/Third_Party/FreeRTOS/Source/list.o
LOAD Middlewares/Third_Party/FreeRTOS/Source/queue.o
LOAD Middlewares/Third_Party/FreeRTOS/Source/stream_buffer.o
LOAD Middlewares/Third_Party/FreeRTOS/Source/tasks.o
LOAD Middlewares/Third_Party/FreeRTOS/Source/timers.o
LOAD Middlewares/Third_Party/FreeRTOS/Source/portable/GCC/ARM_CM4F/port.o
LOAD Middlewares/Third_Party/FreeRTOS/Source/portable/MemMang/heap_4.o
LOAD Src/freertos.o
LOAD Src/main.o
LOAD Src/mz_dma_uart.o
LOAD Src/stm32f4xx_hal_msp.o
LOAD Src/stm32f4xx_hal_timebase_tim.o
LOAD Src/stm32f4xx_it.o
LOAD Src/syscalls.o
LOAD Src/sysmem.o
LOAD Src/system_stm32f4xx.o
LOAD Startup/startup_stm32f446retx.o
START GROUP
LOAD c:/st/stm32cubeide_1.5.1/stm32cubeide/plugins/com.st.stm32cube.ide.mcu.externaltools.gnu-tools-for-stm32.9-2020-q2-update.win32_1.5.0.202011040924/tools/bin/../lib/gcc/arm-none-eabi/9.3.1/../../../../arm-none-eabi/lib/thumb/v7e-m+fp/hard\libc_nano.a
LOAD c:/st/stm32cubeide_1.5.1/stm32cubeide/plugins/com.st.stm32cube.ide.mcu.externaltools.gnu-tools-for-stm32.9-2020-q2-update.win32_1.5.0.202011040924/tools/bin/../lib/gcc/arm-none-eabi/9.3.1/../../../../arm-none-eabi/lib/thumb/v7e-m+fp/hard\libm.a
END GROUP
START GROUP
LOAD c:/st/stm32cubeide_1.5.1/stm32cubeide/plugins/com.st.stm32cube.ide.mcu.externaltools.gnu-tools-for-stm32.9-2020-q2-update.win32_1.5.0.202011040924/tools/bin/../lib/gcc/arm-none-eabi/9.3.1/thumb/v7e-m+fp/hard\libgcc.a
LOAD c:/st/stm32cubeide_1.5.1/stm32cubeide/plugins/com.st.stm32cube.ide.mcu.externaltools.gnu-tools-for-stm32.9-2020-q2-update.win32_1.5.0.202011040924/tools/bin/../lib/gcc/arm-none-eabi/9.3.1/../../../../arm-none-eabi/lib/thumb/v7e-m+fp/hard\libc_nano.a
END GROUP
START GROUP
LOAD c:/st/stm32cubeide_1.5.1/stm32cubeide/plugins/com.st.stm32cube.ide.mcu.externaltools.gnu-tools-for-stm32.9-2020-q2-update.win32_1.5.0.202011040924/tools/bin/../lib/gcc/arm-none-eabi/9.3.1/thumb/v7e-m+fp/hard\libgcc.a
LOAD c:/st/stm32cubeide_1.5.1/stm32cubeide/plugins/com.st.stm32cube.ide.mcu.externaltools.gnu-tools-for-stm32.9-2020-q2-update.win32_1.5.0.202011040924/tools/bin/../lib/gcc/arm-none-eabi/9.3.1/../../../../arm-none-eabi/lib/thumb/v7e-m+fp/hard\libc_nano.a
LOAD c:/st/stm32cubeide_1.5.1/stm32cubeide/plugins/com.st.stm32cube.ide.mcu.externaltools.gnu-tools-for-stm32.9-2020-q2-update.win32_1.5.0.202011040924/tools/bin/../lib/gcc/arm-none-eabi/9.3.1/../../../../arm-none-eabi/lib/thumb/v7e-m+fp/hard\libnosys.a
END GROUP
START GROUP
LOAD c:/st/stm32cubeide_1.5.1/stm32cubeide/plugins/com.st.stm32cube.ide.mcu.externaltools.gnu-tools-for-stm32.9-2020-q2-update.win32_1.5.0.202011040924/tools/bin/../lib/gcc/arm-none-eabi/9.3.1/thumb/v7e-m+fp/hard\libgcc.a
LOAD c:/st/stm32cubeide_1.5.1/stm32cubeide/plugins/com.st.stm32cube.ide.mcu.externaltools.gnu-tools-for-stm32.9-2020-q2-update.win32_1.5.0.202011040924/tools/bin/../lib/gcc/arm-none-eabi/9.3.1/../../../../arm-none-eabi/lib/thumb/v7e-m+fp/hard\libc_nano.a
LOAD c:/st/stm32cubeide_1.5.1/stm32cubeide/plugins/com.st.stm32cube.ide.mcu.externaltools.gnu-tools-for-stm32.9-2020-q2-update.win32_1.5.0.202011040924/tools/bin/../lib/gcc/arm-none-eabi/9.3.1/../../../../arm-none-eabi/lib/thumb/v7e-m+fp/hard\libnosys.a
END GROUP
LOAD c:/st/stm32cubeide_1.5.1/stm32cubeide/plugins/com.st.stm32cube.ide.mcu.externaltools.gnu-tools-for-stm32.9-2020-q2-update.win32_1.5.0.202011040924/tools/bin/../lib/gcc/arm-none-eabi/9.3.1/thumb/v7e-m+fp/hard/crtend.o
LOAD c:/st/stm32cubeide_1.5.1/stm32cubeide/plugins/com.st.stm32cube.ide.mcu.externaltools.gnu-tools-for-stm32.9-2020-q2-update.win32_1.5.0.202011040924/tools/bin/../lib/gcc/arm-none-eabi/9.3.1/thumb/v7e-m+fp/hard/crtn.o
                0x0000000020020000                _estack = (ORIGIN (RAM) + LENGTH (RAM))
                0x0000000000000200                _Min_Heap_Size = 0x200
                0x0000000000000400                _Min_Stack_Size = 0x400

.isr_vector     0x0000000008000000      0x1c4
                0x0000000008000000                . = ALIGN (0x4)
 *(.isr_vector)
 .isr_vector    0x0000000008000000      0x1c4 Startup/startup_stm32f446retx.o
                0x0000000008000000                g_pfnVectors
                0x00000000080001c4                . = ALIGN (0x4)

.text           0x00000000080001d0     0x8524
                0x00000000080001d0                . = ALIGN (0x4)
 *(.text)
 .text          0x00000000080001d0       0x40 c:/st/stm32cubeide_1.5.1/stm32cubeide/plugins/com.st.stm32cube.ide.mcu.externaltools.gnu-tools-for-stm32.9-2020-q2-update.win32_1.5.0.202011040924/tools/bin/../lib/gcc/arm-none-eabi/9.3.1/thumb/v7e-m+fp/hard/crtbegin.o
 .text          0x0000000008000210       0x10 c:/st/stm32cubeide_1.5.1/stm32cubeide/plugins/com.st.stm32cube.ide.mcu.externaltools.gnu-tools-for-stm32.9-2020-q2-update.win32_1.5.0.202011040924/tools/bin/../lib/gcc/arm-none-eabi/9.3.1/../../../../arm-none-eabi/lib/thumb/v7e-m+fp/hard\libc_nano.a(lib_a-strlen.o)
                0x0000000008000210                strlen
 .text          0x0000000008000220       0xa0 c:/st/stm32cubeide_1.5.1/stm32cubeide/plugins/com.st.stm32cube.ide.mcu.externaltools.gnu-tools-for-stm32.9-2020-q2-update.win32_1.5.0.202011040924/tools/bin/../lib/gcc/arm-none-eabi/9.3.1/../../../../arm-none-eabi/lib/thumb/v7e-m+fp/hard\libc_nano.a(lib_a-memchr.o)
                0x0000000008000220                memchr
 .text          0x00000000080002c0       0x30 c:/st/stm32cubeide_1.5.1/stm32cubeide/plugins/com.st.stm32cube.ide.mcu.externaltools.gnu-tools-for-stm32.9-2020-q2-update.win32_1.5.0.202011040924/tools/bin/../lib/gcc/arm-none-eabi/9.3.1/thumb/v7e-m+fp/hard\libgcc.a(_aeabi_uldivmod.o)
                0x00000000080002c0                __aeabi_uldivmod
 .text          0x00000000080002f0      0x2c4 c:/st/stm32cubeide_1.5.1/stm32cubeide/plugins/com.st.stm32cube.ide.mcu.externaltools.gnu-tools-for-stm32.9-2020-q2-update.win32_1.5.0.202011040924/tools/bin/../lib/gcc/arm-none-eabi/9.3.1/thumb/v7e-m+fp/hard\libgcc.a(_udivmoddi4.o)
                0x00000000080002f0                __udivmoddi4
 .text          0x00000000080005b4        0x4 c:/st/stm32cubeide_1.5.1/stm32cubeide/plugins/com.st.stm32cube.ide.mcu.externaltools.gnu-tools-for-stm32.9-2020-q2-update.win32_1.5.0.202011040924/tools/bin/../lib/gcc/arm-none-eabi/9.3.1/thumb/v7e-m+fp/hard\libgcc.a(_dvmd_tls.o)
                0x00000000080005b4                __aeabi_idiv0
                0x00000000080005b4                __aeabi_ldiv0
 *(.text*)
 .text.HAL_Init
                0x00000000080005b8       0x44 Drivers/STM32F4xx_HAL_Driver/Src/stm32f4xx_hal.o
                0x00000000080005b8                HAL_Init
 .text.HAL_IncTick
                0x00000000080005fc       0x28 Drivers/STM32F4xx_HAL_Driver/Src/stm32f4xx_hal.o
                0x00000000080005fc                HAL_IncTick
 .text.HAL_GetTick
                0x0000000008000624       0x18 Drivers/STM32F4xx_HAL_Driver/Src/stm32f4xx_hal.o
                0x0000000008000624                HAL_GetTick
 .text.HAL_ADC_Init
                0x000000000800063c       0x86 Drivers/STM32F4xx_HAL_Driver/Src/stm32f4xx_hal_adc.o
                0x000000000800063c                HAL_ADC_Init
 *fill*         0x00000000080006c2        0x2 
 .text.HAL_ADC_Start_IT
                0x00000000080006c4      0x1a0 Drivers/STM32F4xx_HAL_Driver/Src/stm32f4xx_hal_adc.o
                0x00000000080006c4                HAL_ADC_Start_IT
 .text.HAL_ADC_IRQHandler
                0x0000000008000864      0x282 Drivers/STM32F4xx_HAL_Driver/Src/stm32f4xx_hal_adc.o
                0x0000000008000864                HAL_ADC_IRQHandler
 .text.HAL_ADC_GetValue
                0x0000000008000ae6       0x1a Drivers/STM32F4xx_HAL_Driver/Src/stm32f4xx_hal_adc.o
                0x0000000008000ae6                HAL_ADC_GetValue
 .text.HAL_ADC_LevelOutOfWindowCallback
                0x0000000008000b00       0x14 Drivers/STM32F4xx_HAL_Driver/Src/stm32f4xx_hal_adc.o
                0x0000000008000b00                HAL_ADC_LevelOutOfWindowCallback
 .text.HAL_ADC_ErrorCallback
                0x0000000008000b14       0x14 Drivers/STM32F4xx_HAL_Driver/Src/stm32f4xx_hal_adc.o
                0x0000000008000b14                HAL_ADC_ErrorCallback
 .text.HAL_ADC_ConfigChannel
                0x0000000008000b28      0x264 Drivers/STM32F4xx_HAL_Driver/Src/stm32f4xx_hal_adc.o
                0x0000000008000b28                HAL_ADC_ConfigChannel
 .text.ADC_Init
                0x0000000008000d8c      0x1f8 Drivers/STM32F4xx_HAL_Driver/Src/stm32f4xx_hal_adc.o
 .text.HAL_ADCEx_InjectedConvCpltCallback
                0x0000000008000f84       0x14 Drivers/STM32F4xx_HAL_Driver/Src/stm32f4xx_hal_adc_ex.o
                0x0000000008000f84                HAL_ADCEx_InjectedConvCpltCallback
 .text.__NVIC_SetPriorityGrouping
                0x0000000008000f98       0x48 Drivers/STM32F4xx_HAL_Driver/Src/stm32f4xx_hal_cortex.o
 .text.__NVIC_GetPriorityGrouping
                0x0000000008000fe0       0x1c Drivers/STM32F4xx_HAL_Driver/Src/stm32f4xx_hal_cortex.o
 .text.__NVIC_EnableIRQ
                0x0000000008000ffc       0x3c Drivers/STM32F4xx_HAL_Driver/Src/stm32f4xx_hal_cortex.o
 .text.__NVIC_SetPriority
                0x0000000008001038       0x54 Drivers/STM32F4xx_HAL_Driver/Src/stm32f4xx_hal_cortex.o
 .text.NVIC_EncodePriority
                0x000000000800108c       0x66 Drivers/STM32F4xx_HAL_Driver/Src/stm32f4xx_hal_cortex.o
 .text.HAL_NVIC_SetPriorityGrouping
                0x00000000080010f2       0x16 Drivers/STM32F4xx_HAL_Driver/Src/stm32f4xx_hal_cortex.o
                0x00000000080010f2                HAL_NVIC_SetPriorityGrouping
 .text.HAL_NVIC_SetPriority
                0x0000000008001108       0x38 Drivers/STM32F4xx_HAL_Driver/Src/stm32f4xx_hal_cortex.o
                0x0000000008001108                HAL_NVIC_SetPriority
 .text.HAL_NVIC_EnableIRQ
                0x0000000008001140       0x1c Drivers/STM32F4xx_HAL_Driver/Src/stm32f4xx_hal_cortex.o
                0x0000000008001140                HAL_NVIC_EnableIRQ
 .text.HAL_DMA_Init
                0x000000000800115c      0x15c Drivers/STM32F4xx_HAL_Driver/Src/stm32f4xx_hal_dma.o
                0x000000000800115c                HAL_DMA_Init
 .text.HAL_DMA_Start_IT
                0x00000000080012b8       0xb0 Drivers/STM32F4xx_HAL_Driver/Src/stm32f4xx_hal_dma.o
                0x00000000080012b8                HAL_DMA_Start_IT
 .text.HAL_DMA_Abort_IT
                0x0000000008001368       0x44 Drivers/STM32F4xx_HAL_Driver/Src/stm32f4xx_hal_dma.o
                0x0000000008001368                HAL_DMA_Abort_IT
 .text.HAL_DMA_IRQHandler
                0x00000000080013ac      0x314 Drivers/STM32F4xx_HAL_Driver/Src/stm32f4xx_hal_dma.o
                0x00000000080013ac                HAL_DMA_IRQHandler
 .text.DMA_SetConfig
                0x00000000080016c0       0x5c Drivers/STM32F4xx_HAL_Driver/Src/stm32f4xx_hal_dma.o
 .text.DMA_CalcBaseAndBitshift
                0x000000000800171c       0x6c Drivers/STM32F4xx_HAL_Driver/Src/stm32f4xx_hal_dma.o
 .text.DMA_CheckFifoParam
                0x0000000008001788       0xf8 Drivers/STM32F4xx_HAL_Driver/Src/stm32f4xx_hal_dma.o
 .text.HAL_GPIO_Init
                0x0000000008001880      0x328 Drivers/STM32F4xx_HAL_Driver/Src/stm32f4xx_hal_gpio.o
                0x0000000008001880                HAL_GPIO_Init
 .text.HAL_GPIO_WritePin
                0x0000000008001ba8       0x32 Drivers/STM32F4xx_HAL_Driver/Src/stm32f4xx_hal_gpio.o
                0x0000000008001ba8                HAL_GPIO_WritePin
 *fill*         0x0000000008001bda        0x2 
 .text.HAL_GPIO_EXTI_IRQHandler
                0x0000000008001bdc       0x30 Drivers/STM32F4xx_HAL_Driver/Src/stm32f4xx_hal_gpio.o
                0x0000000008001bdc                HAL_GPIO_EXTI_IRQHandler
 .text.HAL_RCC_ClockConfig
                0x0000000008001c0c      0x1cc Drivers/STM32F4xx_HAL_Driver/Src/stm32f4xx_hal_rcc.o
                0x0000000008001c0c                HAL_RCC_ClockConfig
 .text.HAL_RCC_GetHCLKFreq
                0x0000000008001dd8       0x18 Drivers/STM32F4xx_HAL_Driver/Src/stm32f4xx_hal_rcc.o
                0x0000000008001dd8                HAL_RCC_GetHCLKFreq
 .text.HAL_RCC_GetPCLK1Freq
                0x0000000008001df0       0x28 Drivers/STM32F4xx_HAL_Driver/Src/stm32f4xx_hal_rcc.o
                0x0000000008001df0                HAL_RCC_GetPCLK1Freq
 .text.HAL_RCC_GetPCLK2Freq
                0x0000000008001e18       0x28 Drivers/STM32F4xx_HAL_Driver/Src/stm32f4xx_hal_rcc.o
                0x0000000008001e18                HAL_RCC_GetPCLK2Freq
 .text.HAL_RCC_GetClockConfig
                0x0000000008001e40       0x64 Drivers/STM32F4xx_HAL_Driver/Src/stm32f4xx_hal_rcc.o
                0x0000000008001e40                HAL_RCC_GetClockConfig
 .text.HAL_RCC_GetSysClockFreq
                0x0000000008001ea4      0x364 Drivers/STM32F4xx_HAL_Driver/Src/stm32f4xx_hal_rcc_ex.o
                0x0000000008001ea4                HAL_RCC_GetSysClockFreq
 .text.HAL_RCC_OscConfig
                0x0000000008002208      0x4b4 Drivers/STM32F4xx_HAL_Driver/Src/stm32f4xx_hal_rcc_ex.o
                0x0000000008002208                HAL_RCC_OscConfig
 .text.HAL_TIM_Base_Init
                0x00000000080026bc       0x56 Drivers/STM32F4xx_HAL_Driver/Src/stm32f4xx_hal_tim.o
                0x00000000080026bc                HAL_TIM_Base_Init
 .text.HAL_TIM_Base_Start_IT
                0x0000000008002712       0x48 Drivers/STM32F4xx_HAL_Driver/Src/stm32f4xx_hal_tim.o
                0x0000000008002712                HAL_TIM_Base_Start_IT
 .text.HAL_TIM_OC_Init
                0x000000000800275a       0x56 Drivers/STM32F4xx_HAL_Driver/Src/stm32f4xx_hal_tim.o
                0x000000000800275a                HAL_TIM_OC_Init
 .text.HAL_TIM_OC_MspInit
                0x00000000080027b0       0x14 Drivers/STM32F4xx_HAL_Driver/Src/stm32f4xx_hal_tim.o
                0x00000000080027b0                HAL_TIM_OC_MspInit
 .text.HAL_TIM_IRQHandler
                0x00000000080027c4      0x210 Drivers/STM32F4xx_HAL_Driver/Src/stm32f4xx_hal_tim.o
                0x00000000080027c4                HAL_TIM_IRQHandler
 .text.HAL_TIM_OC_ConfigChannel
                0x00000000080029d4       0xc0 Drivers/STM32F4xx_HAL_Driver/Src/stm32f4xx_hal_tim.o
                0x00000000080029d4                HAL_TIM_OC_ConfigChannel
 .text.HAL_TIM_ConfigClockSource
                0x0000000008002a94      0x188 Drivers/STM32F4xx_HAL_Driver/Src/stm32f4xx_hal_tim.o
                0x0000000008002a94                HAL_TIM_ConfigClockSource
 .text.HAL_TIM_OC_DelayElapsedCallback
                0x0000000008002c1c       0x14 Drivers/STM32F4xx_HAL_Driver/Src/stm32f4xx_hal_tim.o
                0x0000000008002c1c                HAL_TIM_OC_DelayElapsedCallback
 .text.HAL_TIM_IC_CaptureCallback
                0x0000000008002c30       0x14 Drivers/STM32F4xx_HAL_Driver/Src/stm32f4xx_hal_tim.o
                0x0000000008002c30                HAL_TIM_IC_CaptureCallback
 .text.HAL_TIM_PWM_PulseFinishedCallback
                0x0000000008002c44       0x14 Drivers/STM32F4xx_HAL_Driver/Src/stm32f4xx_hal_tim.o
                0x0000000008002c44                HAL_TIM_PWM_PulseFinishedCallback
 .text.HAL_TIM_TriggerCallback
                0x0000000008002c58       0x14 Drivers/STM32F4xx_HAL_Driver/Src/stm32f4xx_hal_tim.o
                0x0000000008002c58                HAL_TIM_TriggerCallback
 .text.TIM_Base_SetConfig
                0x0000000008002c6c      0x140 Drivers/STM32F4xx_HAL_Driver/Src/stm32f4xx_hal_tim.o
                0x0000000008002c6c                TIM_Base_SetConfig
 .text.TIM_OC1_SetConfig
                0x0000000008002dac       0xe0 Drivers/STM32F4xx_HAL_Driver/Src/stm32f4xx_hal_tim.o
 .text.TIM_OC2_SetConfig
                0x0000000008002e8c       0xec Drivers/STM32F4xx_HAL_Driver/Src/stm32f4xx_hal_tim.o
                0x0000000008002e8c                TIM_OC2_SetConfig
 .text.TIM_OC3_SetConfig
                0x0000000008002f78       0xe8 Drivers/STM32F4xx_HAL_Driver/Src/stm32f4xx_hal_tim.o
 .text.TIM_OC4_SetConfig
                0x0000000008003060       0xac Drivers/STM32F4xx_HAL_Driver/Src/stm32f4xx_hal_tim.o
 .text.TIM_TI1_ConfigInputStage
                0x000000000800310c       0x5e Drivers/STM32F4xx_HAL_Driver/Src/stm32f4xx_hal_tim.o
 .text.TIM_TI2_ConfigInputStage
                0x000000000800316a       0x60 Drivers/STM32F4xx_HAL_Driver/Src/stm32f4xx_hal_tim.o
 .text.TIM_ITRx_SetConfig
                0x00000000080031ca       0x36 Drivers/STM32F4xx_HAL_Driver/Src/stm32f4xx_hal_tim.o
 .text.TIM_ETR_SetConfig
                0x0000000008003200       0x40 Drivers/STM32F4xx_HAL_Driver/Src/stm32f4xx_hal_tim.o
                0x0000000008003200                TIM_ETR_SetConfig
 .text.HAL_TIMEx_MasterConfigSynchronization
                0x0000000008003240       0xf8 Drivers/STM32F4xx_HAL_Driver/Src/stm32f4xx_hal_tim_ex.o
                0x0000000008003240                HAL_TIMEx_MasterConfigSynchronization
 .text.HAL_TIMEx_CommutCallback
                0x0000000008003338       0x14 Drivers/STM32F4xx_HAL_Driver/Src/stm32f4xx_hal_tim_ex.o
                0x0000000008003338                HAL_TIMEx_CommutCallback
 .text.HAL_TIMEx_BreakCallback
                0x000000000800334c       0x14 Drivers/STM32F4xx_HAL_Driver/Src/stm32f4xx_hal_tim_ex.o
                0x000000000800334c                HAL_TIMEx_BreakCallback
 .text.HAL_UART_Init
                0x0000000008003360       0x9a Drivers/STM32F4xx_HAL_Driver/Src/stm32f4xx_hal_uart.o
                0x0000000008003360                HAL_UART_Init
 .text.HAL_UART_Receive_IT
                0x00000000080033fa       0xaa Drivers/STM32F4xx_HAL_Driver/Src/stm32f4xx_hal_uart.o
                0x00000000080033fa                HAL_UART_Receive_IT
 .text.HAL_UART_Transmit_DMA
                0x00000000080034a4       0xd8 Drivers/STM32F4xx_HAL_Driver/Src/stm32f4xx_hal_uart.o
                0x00000000080034a4                HAL_UART_Transmit_DMA
 .text.HAL_UART_IRQHandler
                0x000000000800357c      0x200 Drivers/STM32F4xx_HAL_Driver/Src/stm32f4xx_hal_uart.o
                0x000000000800357c                HAL_UART_IRQHandler
 .text.HAL_UART_TxHalfCpltCallback
                0x000000000800377c       0x14 Drivers/STM32F4xx_HAL_Driver/Src/stm32f4xx_hal_uart.o
                0x000000000800377c                HAL_UART_TxHalfCpltCallback
 .text.HAL_UART_ErrorCallback
                0x0000000008003790       0x14 Drivers/STM32F4xx_HAL_Driver/Src/stm32f4xx_hal_uart.o
                0x0000000008003790                HAL_UART_ErrorCallback
 .text.UART_DMATransmitCplt
                0x00000000080037a4       0x52 Drivers/STM32F4xx_HAL_Driver/Src/stm32f4xx_hal_uart.o
 .text.UART_DMATxHalfCplt
                0x00000000080037f6       0x1c Drivers/STM32F4xx_HAL_Driver/Src/stm32f4xx_hal_uart.o
 .text.UART_DMAError
                0x0000000008003812       0x94 Drivers/STM32F4xx_HAL_Driver/Src/stm32f4xx_hal_uart.o
 .text.UART_EndTxTransfer
                0x00000000080038a6       0x2c Drivers/STM32F4xx_HAL_Driver/Src/stm32f4xx_hal_uart.o
 .text.UART_EndRxTransfer
                0x00000000080038d2       0x3c Drivers/STM32F4xx_HAL_Driver/Src/stm32f4xx_hal_uart.o
 .text.UART_DMAAbortOnError
                0x000000000800390e       0x28 Drivers/STM32F4xx_HAL_Driver/Src/stm32f4xx_hal_uart.o
 .text.UART_Transmit_IT
                0x0000000008003936       0xac Drivers/STM32F4xx_HAL_Driver/Src/stm32f4xx_hal_uart.o
 .text.UART_EndTransmit_IT
                0x00000000080039e2       0x30 Drivers/STM32F4xx_HAL_Driver/Src/stm32f4xx_hal_uart.o
 .text.UART_Receive_IT
                0x0000000008003a12      0x102 Drivers/STM32F4xx_HAL_Driver/Src/stm32f4xx_hal_uart.o
 .text.UART_SetConfig
                0x0000000008003b14      0x738 Drivers/STM32F4xx_HAL_Driver/Src/stm32f4xx_hal_uart.o
 .text.makeFreeRtosPriority
                0x000000000800424c       0x30 Middlewares/Third_Party/FreeRTOS/Source/CMSIS_RTOS/cmsis_os.o
 .text.osKernelStart
                0x000000000800427c        0xe Middlewares/Third_Party/FreeRTOS/Source/CMSIS_RTOS/cmsis_os.o
                0x000000000800427c                osKernelStart
 .text.osThreadCreate
                0x000000000800428a       0x98 Middlewares/Third_Party/FreeRTOS/Source/CMSIS_RTOS/cmsis_os.o
                0x000000000800428a                osThreadCreate
 .text.osDelay  0x0000000008004322       0x28 Middlewares/Third_Party/FreeRTOS/Source/CMSIS_RTOS/cmsis_os.o
                0x0000000008004322                osDelay
 .text.osMessageCreate
                0x000000000800434a       0x50 Middlewares/Third_Party/FreeRTOS/Source/CMSIS_RTOS/cmsis_os.o
                0x000000000800434a                osMessageCreate
 .text.vListInitialise
                0x000000000800439a       0x40 Middlewares/Third_Party/FreeRTOS/Source/list.o
                0x000000000800439a                vListInitialise
 .text.vListInitialiseItem
                0x00000000080043da       0x1a Middlewares/Third_Party/FreeRTOS/Source/list.o
                0x00000000080043da                vListInitialiseItem
 .text.vListInsertEnd
                0x00000000080043f4       0x48 Middlewares/Third_Party/FreeRTOS/Source/list.o
                0x00000000080043f4                vListInsertEnd
 .text.vListInsert
                0x000000000800443c       0x72 Middlewares/Third_Party/FreeRTOS/Source/list.o
                0x000000000800443c                vListInsert
 .text.uxListRemove
                0x00000000080044ae       0x54 Middlewares/Third_Party/FreeRTOS/Source/list.o
                0x00000000080044ae                uxListRemove
 *fill*         0x0000000008004502        0x2 
 .text.xQueueGenericReset
                0x0000000008004504       0xd0 Middlewares/Third_Party/FreeRTOS/Source/queue.o
                0x0000000008004504                xQueueGenericReset
 .text.xQueueGenericCreateStatic
                0x00000000080045d4       0xf0 Middlewares/Third_Party/FreeRTOS/Source/queue.o
                0x00000000080045d4                xQueueGenericCreateStatic
 .text.xQueueGenericCreate
                0x00000000080046c4       0x80 Middlewares/Third_Party/FreeRTOS/Source/queue.o
                0x00000000080046c4                xQueueGenericCreate
 .text.prvInitialiseNewQueue
                0x0000000008004744       0x46 Middlewares/Third_Party/FreeRTOS/Source/queue.o
 *fill*         0x000000000800478a        0x2 
 .text.xQueueGenericSend
                0x000000000800478c      0x1fc Middlewares/Third_Party/FreeRTOS/Source/queue.o
                0x000000000800478c                xQueueGenericSend
 .text.xQueueGenericSendFromISR
                0x0000000008004988      0x130 Middlewares/Third_Party/FreeRTOS/Source/queue.o
                0x0000000008004988                xQueueGenericSendFromISR
 .text.xQueueReceive
                0x0000000008004ab8      0x1c0 Middlewares/Third_Party/FreeRTOS/Source/queue.o
                0x0000000008004ab8                xQueueReceive
 .text.prvCopyDataToQueue
                0x0000000008004c78       0xd4 Middlewares/Third_Party/FreeRTOS/Source/queue.o
 .text.prvCopyDataFromQueue
                0x0000000008004d4c       0x4c Middlewares/Third_Party/FreeRTOS/Source/queue.o
 .text.prvUnlockQueue
                0x0000000008004d98       0xa4 Middlewares/Third_Party/FreeRTOS/Source/queue.o
 .text.prvIsQueueEmpty
                0x0000000008004e3c       0x2c Middlewares/Third_Party/FreeRTOS/Source/queue.o
 .text.prvIsQueueFull
                0x0000000008004e68       0x30 Middlewares/Third_Party/FreeRTOS/Source/queue.o
 .text.xTaskCreateStatic
                0x0000000008004e98       0xba Middlewares/Third_Party/FreeRTOS/Source/tasks.o
                0x0000000008004e98                xTaskCreateStatic
 .text.xTaskCreate
                0x0000000008004f52       0x8a Middlewares/Third_Party/FreeRTOS/Source/tasks.o
                0x0000000008004f52                xTaskCreate
 .text.prvInitialiseNewTask
                0x0000000008004fdc      0x12c Middlewares/Third_Party/FreeRTOS/Source/tasks.o
 .text.prvAddNewTaskToReadyList
                0x0000000008005108       0xdc Middlewares/Third_Party/FreeRTOS/Source/tasks.o
 .text.vTaskDelay
                0x00000000080051e4       0x68 Middlewares/Third_Party/FreeRTOS/Source/tasks.o
                0x00000000080051e4                vTaskDelay
 .text.eTaskGetState
                0x000000000800524c       0xcc Middlewares/Third_Party/FreeRTOS/Source/tasks.o
                0x000000000800524c                eTaskGetState
 .text.vTaskSuspend
                0x0000000008005318      0x124 Middlewares/Third_Party/FreeRTOS/Source/tasks.o
                0x0000000008005318                vTaskSuspend
 .text.prvTaskIsTaskSuspended
                0x000000000800543c       0x64 Middlewares/Third_Party/FreeRTOS/Source/tasks.o
 .text.xTaskResumeFromISR
                0x00000000080054a0       0xe4 Middlewares/Third_Party/FreeRTOS/Source/tasks.o
                0x00000000080054a0                xTaskResumeFromISR
 .text.vTaskStartScheduler
                0x0000000008005584       0xc4 Middlewares/Third_Party/FreeRTOS/Source/tasks.o
                0x0000000008005584                vTaskStartScheduler
 .text.vTaskSuspendAll
                0x0000000008005648       0x1c Middlewares/Third_Party/FreeRTOS/Source/tasks.o
                0x0000000008005648                vTaskSuspendAll
 .text.xTaskResumeAll
                0x0000000008005664      0x138 Middlewares/Third_Party/FreeRTOS/Source/tasks.o
                0x0000000008005664                xTaskResumeAll
 .text.uxTaskGetSystemState
                0x000000000800579c      0x120 Middlewares/Third_Party/FreeRTOS/Source/tasks.o
                0x000000000800579c                uxTaskGetSystemState
 .text.xTaskIncrementTick
                0x00000000080058bc      0x170 Middlewares/Third_Party/FreeRTOS/Source/tasks.o
                0x00000000080058bc                xTaskIncrementTick
 .text.vTaskSwitchContext
                0x0000000008005a2c       0xec Middlewares/Third_Party/FreeRTOS/Source/tasks.o
                0x0000000008005a2c                vTaskSwitchContext
 .text.vTaskPlaceOnEventList
                0x0000000008005b18       0x48 Middlewares/Third_Party/FreeRTOS/Source/tasks.o
                0x0000000008005b18                vTaskPlaceOnEventList
 .text.xTaskRemoveFromEventList
                0x0000000008005b60       0xc4 Middlewares/Third_Party/FreeRTOS/Source/tasks.o
                0x0000000008005b60                xTaskRemoveFromEventList
 .text.vTaskInternalSetTimeOutState
                0x0000000008005c24       0x2c Middlewares/Third_Party/FreeRTOS/Source/tasks.o
                0x0000000008005c24                vTaskInternalSetTimeOutState
 .text.xTaskCheckForTimeOut
                0x0000000008005c50       0xe4 Middlewares/Third_Party/FreeRTOS/Source/tasks.o
                0x0000000008005c50                xTaskCheckForTimeOut
 .text.vTaskMissedYield
                0x0000000008005d34       0x18 Middlewares/Third_Party/FreeRTOS/Source/tasks.o
                0x0000000008005d34                vTaskMissedYield
 .text.prvIdleTask
                0x0000000008005d4c       0x30 Middlewares/Third_Party/FreeRTOS/Source/tasks.o
 .text.prvInitialiseTaskLists
                0x0000000008005d7c       0x80 Middlewares/Third_Party/FreeRTOS/Source/tasks.o
 .text.prvCheckTasksWaitingTermination
                0x0000000008005dfc       0x5c Middlewares/Third_Party/FreeRTOS/Source/tasks.o
 .text.vTaskGetInfo
                0x0000000008005e58       0xcc Middlewares/Third_Party/FreeRTOS/Source/tasks.o
                0x0000000008005e58                vTaskGetInfo
 .text.prvListTasksWithinSingleList
                0x0000000008005f24       0xa4 Middlewares/Third_Party/FreeRTOS/Source/tasks.o
 .text.prvTaskCheckFreeStackSpace
                0x0000000008005fc8       0x38 Middlewares/Third_Party/FreeRTOS/Source/tasks.o
 .text.uxTaskGetStackHighWaterMark
                0x0000000008006000       0x38 Middlewares/Third_Party/FreeRTOS/Source/tasks.o
                0x0000000008006000                uxTaskGetStackHighWaterMark
 .text.prvDeleteTCB
                0x0000000008006038       0x5e Middlewares/Third_Party/FreeRTOS/Source/tasks.o
 *fill*         0x0000000008006096        0x2 
 .text.prvResetNextTaskUnblockTime
                0x0000000008006098       0x40 Middlewares/Third_Party/FreeRTOS/Source/tasks.o
 .text.xTaskGetSchedulerState
                0x00000000080060d8       0x3c Middlewares/Third_Party/FreeRTOS/Source/tasks.o
                0x00000000080060d8                xTaskGetSchedulerState
 .text.xTaskPriorityDisinherit
                0x0000000008006114      0x10c Middlewares/Third_Party/FreeRTOS/Source/tasks.o
                0x0000000008006114                xTaskPriorityDisinherit
 .text.prvWriteNameToBuffer
                0x0000000008006220       0x4a Middlewares/Third_Party/FreeRTOS/Source/tasks.o
 *fill*         0x000000000800626a        0x2 
 .text.vTaskGetRunTimeStats
                0x000000000800626c      0x108 Middlewares/Third_Party/FreeRTOS/Source/tasks.o
                0x000000000800626c                vTaskGetRunTimeStats
 .text.ulTaskNotifyTake
                0x0000000008006374       0x90 Middlewares/Third_Party/FreeRTOS/Source/tasks.o
                0x0000000008006374                ulTaskNotifyTake
 .text.xTaskNotifyWait
                0x0000000008006404       0xb4 Middlewares/Third_Party/FreeRTOS/Source/tasks.o
                0x0000000008006404                xTaskNotifyWait
 .text.xTaskGenericNotifyFromISR
                0x00000000080064b8      0x1b4 Middlewares/Third_Party/FreeRTOS/Source/tasks.o
                0x00000000080064b8                xTaskGenericNotifyFromISR
 .text.prvAddCurrentTaskToDelayedList
                0x000000000800666c       0xd4 Middlewares/Third_Party/FreeRTOS/Source/tasks.o
 .text.pxPortInitialiseStack
                0x0000000008006740       0x68 Middlewares/Third_Party/FreeRTOS/Source/portable/GCC/ARM_CM4F/port.o
                0x0000000008006740                pxPortInitialiseStack
 .text.prvTaskExitError
                0x00000000080067a8       0x58 Middlewares/Third_Party/FreeRTOS/Source/portable/GCC/ARM_CM4F/port.o
 .text.SVC_Handler
                0x0000000008006800       0x28 Middlewares/Third_Party/FreeRTOS/Source/portable/GCC/ARM_CM4F/port.o
                0x0000000008006800                SVC_Handler
 .text.prvPortStartFirstTask
                0x0000000008006828       0x28 Middlewares/Third_Party/FreeRTOS/Source/portable/GCC/ARM_CM4F/port.o
 .text.xPortStartScheduler
                0x0000000008006850      0x144 Middlewares/Third_Party/FreeRTOS/Source/portable/GCC/ARM_CM4F/port.o
                0x0000000008006850                xPortStartScheduler
 .text.vPortEnterCritical
                0x0000000008006994       0x60 Middlewares/Third_Party/FreeRTOS/Source/portable/GCC/ARM_CM4F/port.o
                0x0000000008006994                vPortEnterCritical
 .text.vPortExitCritical
                0x00000000080069f4       0x54 Middlewares/Third_Party/FreeRTOS/Source/portable/GCC/ARM_CM4F/port.o
                0x00000000080069f4                vPortExitCritical
 *fill*         0x0000000008006a48        0x8 
 .text.PendSV_Handler
                0x0000000008006a50       0x68 Middlewares/Third_Party/FreeRTOS/Source/portable/GCC/ARM_CM4F/port.o
                0x0000000008006a50                PendSV_Handler
 .text.SysTick_Handler
                0x0000000008006ab8       0x44 Middlewares/Third_Party/FreeRTOS/Source/portable/GCC/ARM_CM4F/port.o
                0x0000000008006ab8                SysTick_Handler
 .text.vPortSetupTimerInterrupt
                0x0000000008006afc       0x48 Middlewares/Third_Party/FreeRTOS/Source/portable/GCC/ARM_CM4F/port.o
                0x0000000008006afc                vPortSetupTimerInterrupt
 .text.vPortEnableVFP
                0x0000000008006b44       0x14 Middlewares/Third_Party/FreeRTOS/Source/portable/GCC/ARM_CM4F/port.o
 .text.vPortValidateInterruptPriority
                0x0000000008006b58       0x80 Middlewares/Third_Party/FreeRTOS/Source/portable/GCC/ARM_CM4F/port.o
                0x0000000008006b58                vPortValidateInterruptPriority
 .text.pvPortMalloc
                0x0000000008006bd8      0x188 Middlewares/Third_Party/FreeRTOS/Source/portable/MemMang/heap_4.o
                0x0000000008006bd8                pvPortMalloc
 .text.vPortFree
                0x0000000008006d60       0xb4 Middlewares/Third_Party/FreeRTOS/Source/portable/MemMang/heap_4.o
                0x0000000008006d60                vPortFree
 .text.prvHeapInit
                0x0000000008006e14       0xc4 Middlewares/Third_Party/FreeRTOS/Source/portable/MemMang/heap_4.o
 .text.prvInsertBlockIntoFreeList
                0x0000000008006ed8       0xb4 Middlewares/Third_Party/FreeRTOS/Source/portable/MemMang/heap_4.o
 .text.configureTimerForRunTimeStats
                0x0000000008006f8c        0xe Src/freertos.o
                0x0000000008006f8c                configureTimerForRunTimeStats
 *fill*         0x0000000008006f9a        0x2 
 .text.getRunTimeCounterValue
                0x0000000008006f9c       0x24 Src/freertos.o
                0x0000000008006f9c                getRunTimeCounterValue
 .text.vApplicationGetIdleTaskMemory
                0x0000000008006fc0       0x34 Src/freertos.o
                0x0000000008006fc0                vApplicationGetIdleTaskMemory
 .text.main     0x0000000008006ff4      0x120 Src/main.o
                0x0000000008006ff4                main
 .text.SystemClock_Config
                0x0000000008007114       0xdc Src/main.o
                0x0000000008007114                SystemClock_Config
 .text.MX_ADC1_Init
                0x00000000080071f0       0xa8 Src/main.o
 .text.MX_TIM4_Init
                0x0000000008007298       0xec Src/main.o
 .text.MX_USART2_UART_Init
                0x0000000008007384       0x54 Src/main.o
 .text.MX_DMA_Init
                0x00000000080073d8       0x7c Src/main.o
 .text.MX_GPIO_Init
                0x0000000008007454      0x118 Src/main.o
 .text.HAL_UART_RxCpltCallback
                0x000000000800756c       0x7c Src/main.o
                0x000000000800756c                HAL_UART_RxCpltCallback
 .text.HAL_ADC_ConvCpltCallback
                0x00000000080075e8       0x68 Src/main.o
                0x00000000080075e8                HAL_ADC_ConvCpltCallback
 .text.HAL_GPIO_EXTI_Callback
                0x0000000008007650       0x58 Src/main.o
                0x0000000008007650                HAL_GPIO_EXTI_Callback
 .text.StartDefaultTask
                0x00000000080076a8       0x3c Src/main.o
                0x00000000080076a8                StartDefaultTask
 .text.StartUartTxTask
                0x00000000080076e4       0x74 Src/main.o
                0x00000000080076e4                StartUartTxTask
 .text.StartStatsTask
                0x0000000008007758       0x88 Src/main.o
                0x0000000008007758                StartStatsTask
 .text.StartADCTask
                0x00000000080077e0       0x2c Src/main.o
                0x00000000080077e0                StartADCTask
 .text.HAL_TIM_PeriodElapsedCallback
                0x000000000800780c       0x24 Src/main.o
                0x000000000800780c                HAL_TIM_PeriodElapsedCallback
 .text.Error_Handler
                0x0000000008007830        0xe Src/main.o
                0x0000000008007830                Error_Handler
 *fill*         0x000000000800783e        0x2 
 .text.HAL_UART_TxCpltCallback
                0x0000000008007840       0x28 Src/mz_dma_uart.o
                0x0000000008007840                HAL_UART_TxCpltCallback
 .text.HAL_MspInit
                0x0000000008007868       0x58 Src/stm32f4xx_hal_msp.o
                0x0000000008007868                HAL_MspInit
 .text.HAL_ADC_MspInit
                0x00000000080078c0       0xb4 Src/stm32f4xx_hal_msp.o
                0x00000000080078c0                HAL_ADC_MspInit
 .text.HAL_TIM_Base_MspInit
                0x0000000008007974       0x50 Src/stm32f4xx_hal_msp.o
                0x0000000008007974                HAL_TIM_Base_MspInit
 .text.HAL_TIM_MspPostInit
                0x00000000080079c4       0x74 Src/stm32f4xx_hal_msp.o
                0x00000000080079c4                HAL_TIM_MspPostInit
 .text.HAL_UART_MspInit
                0x0000000008007a38      0x16c Src/stm32f4xx_hal_msp.o
                0x0000000008007a38                HAL_UART_MspInit
 .text.HAL_InitTick
                0x0000000008007ba4       0xb4 Src/stm32f4xx_hal_timebase_tim.o
                0x0000000008007ba4                HAL_InitTick
 .text.NMI_Handler
                0x0000000008007c58        0xe Src/stm32f4xx_it.o
                0x0000000008007c58                NMI_Handler
 .text.HardFault_Handler
                0x0000000008007c66        0x6 Src/stm32f4xx_it.o
                0x0000000008007c66                HardFault_Handler
 .text.MemManage_Handler
                0x0000000008007c6c        0x6 Src/stm32f4xx_it.o
                0x0000000008007c6c                MemManage_Handler
 .text.BusFault_Handler
                0x0000000008007c72        0x6 Src/stm32f4xx_it.o
                0x0000000008007c72                BusFault_Handler
 .text.UsageFault_Handler
                0x0000000008007c78        0x6 Src/stm32f4xx_it.o
                0x0000000008007c78                UsageFault_Handler
 .text.DebugMon_Handler
                0x0000000008007c7e        0xe Src/stm32f4xx_it.o
                0x0000000008007c7e                DebugMon_Handler
 .text.DMA1_Stream5_IRQHandler
                0x0000000008007c8c       0x14 Src/stm32f4xx_it.o
                0x0000000008007c8c                DMA1_Stream5_IRQHandler
 .text.DMA1_Stream6_IRQHandler
                0x0000000008007ca0       0x14 Src/stm32f4xx_it.o
                0x0000000008007ca0                DMA1_Stream6_IRQHandler
 .text.ADC_IRQHandler
                0x0000000008007cb4       0x14 Src/stm32f4xx_it.o
                0x0000000008007cb4                ADC_IRQHandler
 .text.TIM4_IRQHandler
                0x0000000008007cc8       0x20 Src/stm32f4xx_it.o
                0x0000000008007cc8                TIM4_IRQHandler
 .text.USART2_IRQHandler
                0x0000000008007ce8       0x14 Src/stm32f4xx_it.o
                0x0000000008007ce8                USART2_IRQHandler
 .text.EXTI15_10_IRQHandler
                0x0000000008007cfc       0x10 Src/stm32f4xx_it.o
                0x0000000008007cfc                EXTI15_10_IRQHandler
 .text.TIM7_IRQHandler
                0x0000000008007d0c       0x14 Src/stm32f4xx_it.o
                0x0000000008007d0c                TIM7_IRQHandler
 .text.DMA2_Stream4_IRQHandler
                0x0000000008007d20       0x14 Src/stm32f4xx_it.o
                0x0000000008007d20                DMA2_Stream4_IRQHandler
 .text._sbrk    0x0000000008007d34       0x58 Src/sysmem.o
                0x0000000008007d34                _sbrk
 .text.SystemInit
                0x0000000008007d8c       0x2c Src/system_stm32f4xx.o
                0x0000000008007d8c                SystemInit
 .text.Reset_Handler
                0x0000000008007db8       0x50 Startup/startup_stm32f446retx.o
                0x0000000008007db8                Reset_Handler
 .text.Default_Handler
                0x0000000008007e08        0x2 Startup/startup_stm32f446retx.o
                0x0000000008007e08                RTC_Alarm_IRQHandler
                0x0000000008007e08                EXTI2_IRQHandler
                0x0000000008007e08                TIM8_CC_IRQHandler
                0x0000000008007e08                FMPI2C1_EV_IRQHandler
                0x0000000008007e08                SPI4_IRQHandler
                0x0000000008007e08                TIM1_CC_IRQHandler
                0x0000000008007e08                DMA2_Stream5_IRQHandler
                0x0000000008007e08                PVD_IRQHandler
                0x0000000008007e08                SDIO_IRQHandler
                0x0000000008007e08                TAMP_STAMP_IRQHandler
                0x0000000008007e08                CAN2_RX1_IRQHandler
                0x0000000008007e08                EXTI3_IRQHandler
                0x0000000008007e08                TIM8_TRG_COM_TIM14_IRQHandler
                0x0000000008007e08                TIM1_UP_TIM10_IRQHandler
                0x0000000008007e08                TIM8_UP_TIM13_IRQHandler
                0x0000000008007e08                I2C3_ER_IRQHandler
                0x0000000008007e08                EXTI0_IRQHandler
                0x0000000008007e08                I2C2_EV_IRQHandler
                0x0000000008007e08                DMA1_Stream2_IRQHandler
                0x0000000008007e08                CAN1_RX0_IRQHandler
                0x0000000008007e08                FPU_IRQHandler
                0x0000000008007e08                OTG_HS_WKUP_IRQHandler
                0x0000000008007e08                CAN2_SCE_IRQHandler
                0x0000000008007e08                DMA2_Stream2_IRQHandler
                0x0000000008007e08                SPI1_IRQHandler
                0x0000000008007e08                TIM6_DAC_IRQHandler
                0x0000000008007e08                TIM1_BRK_TIM9_IRQHandler
                0x0000000008007e08                DCMI_IRQHandler
                0x0000000008007e08                CAN2_RX0_IRQHandler
                0x0000000008007e08                DMA2_Stream3_IRQHandler
                0x0000000008007e08                SAI2_IRQHandler
                0x0000000008007e08                USART6_IRQHandler
                0x0000000008007e08                USART3_IRQHandler
                0x0000000008007e08                CAN1_RX1_IRQHandler
                0x0000000008007e08                UART5_IRQHandler
                0x0000000008007e08                DMA2_Stream0_IRQHandler
                0x0000000008007e08                QUADSPI_IRQHandler
                0x0000000008007e08                I2C1_EV_IRQHandler
                0x0000000008007e08                DMA1_Stream1_IRQHandler
                0x0000000008007e08                UART4_IRQHandler
                0x0000000008007e08                TIM3_IRQHandler
                0x0000000008007e08                RCC_IRQHandler
                0x0000000008007e08                TIM8_BRK_TIM12_IRQHandler
                0x0000000008007e08                Default_Handler
                0x0000000008007e08                CEC_IRQHandler
                0x0000000008007e08                DMA1_Stream7_IRQHandler
                0x0000000008007e08                CAN2_TX_IRQHandler
                0x0000000008007e08                TIM5_IRQHandler
                0x0000000008007e08                DMA2_Stream7_IRQHandler
                0x0000000008007e08                I2C3_EV_IRQHandler
                0x0000000008007e08                EXTI9_5_IRQHandler
                0x0000000008007e08                RTC_WKUP_IRQHandler
                0x0000000008007e08                SPDIF_RX_IRQHandler
                0x0000000008007e08                SPI2_IRQHandler
                0x0000000008007e08                OTG_HS_EP1_IN_IRQHandler
                0x0000000008007e08                DMA1_Stream0_IRQHandler
                0x0000000008007e08                CAN1_TX_IRQHandler
                0x0000000008007e08                FMPI2C1_ER_IRQHandler
                0x0000000008007e08                EXTI4_IRQHandler
                0x0000000008007e08                OTG_HS_EP1_OUT_IRQHandler
                0x0000000008007e08                WWDG_IRQHandler
                0x0000000008007e08                TIM2_IRQHandler
                0x0000000008007e08                OTG_FS_WKUP_IRQHandler
                0x0000000008007e08                TIM1_TRG_COM_TIM11_IRQHandler
                0x0000000008007e08                OTG_HS_IRQHandler
                0x0000000008007e08                EXTI1_IRQHandler
                0x0000000008007e08                I2C2_ER_IRQHandler
                0x0000000008007e08                DMA2_Stream1_IRQHandler
                0x0000000008007e08                CAN1_SCE_IRQHandler
                0x0000000008007e08                FLASH_IRQHandler
                0x0000000008007e08                USART1_IRQHandler
                0x0000000008007e08                OTG_FS_IRQHandler
                0x0000000008007e08                SPI3_IRQHandler
                0x0000000008007e08                DMA1_Stream4_IRQHandler
                0x0000000008007e08                I2C1_ER_IRQHandler
                0x0000000008007e08                FMC_IRQHandler
                0x0000000008007e08                DMA2_Stream6_IRQHandler
                0x0000000008007e08                SAI1_IRQHandler
                0x0000000008007e08                DMA1_Stream3_IRQHandler
 *fill*         0x0000000008007e0a        0x2 
 .text.__errno  0x0000000008007e0c        0xc c:/st/stm32cubeide_1.5.1/stm32cubeide/plugins/com.st.stm32cube.ide.mcu.externaltools.gnu-tools-for-stm32.9-2020-q2-update.win32_1.5.0.202011040924/tools/bin/../lib/gcc/arm-none-eabi/9.3.1/../../../../arm-none-eabi/lib/thumb/v7e-m+fp/hard\libc_nano.a(lib_a-errno.o)
                0x0000000008007e0c                __errno
 .text.__libc_init_array
                0x0000000008007e18       0x48 c:/st/stm32cubeide_1.5.1/stm32cubeide/plugins/com.st.stm32cube.ide.mcu.externaltools.gnu-tools-for-stm32.9-2020-q2-update.win32_1.5.0.202011040924/tools/bin/../lib/gcc/arm-none-eabi/9.3.1/../../../../arm-none-eabi/lib/thumb/v7e-m+fp/hard\libc_nano.a(lib_a-init.o)
                0x0000000008007e18                __libc_init_array
 .text.memcpy   0x0000000008007e60       0x1c c:/st/stm32cubeide_1.5.1/stm32cubeide/plugins/com.st.stm32cube.ide.mcu.externaltools.gnu-tools-for-stm32.9-2020-q2-update.win32_1.5.0.202011040924/tools/bin/../lib/gcc/arm-none-eabi/9.3.1/../../../../arm-none-eabi/lib/thumb/v7e-m+fp/hard\libc_nano.a(lib_a-memcpy-stub.o)
                0x0000000008007e60                memcpy
 .text.memset   0x0000000008007e7c       0x10 c:/st/stm32cubeide_1.5.1/stm32cubeide/plugins/com.st.stm32cube.ide.mcu.externaltools.gnu-tools-for-stm32.9-2020-q2-update.win32_1.5.0.202011040924/tools/bin/../lib/gcc/arm-none-eabi/9.3.1/../../../../arm-none-eabi/lib/thumb/v7e-m+fp/hard\libc_nano.a(lib_a-memset.o)
                0x0000000008007e7c                memset
 .text.sprintf  0x0000000008007e8c       0x40 c:/st/stm32cubeide_1.5.1/stm32cubeide/plugins/com.st.stm32cube.ide.mcu.externaltools.gnu-tools-for-stm32.9-2020-q2-update.win32_1.5.0.202011040924/tools/bin/../lib/gcc/arm-none-eabi/9.3.1/../../../../arm-none-eabi/lib/thumb/v7e-m+fp/hard\libc_nano.a(lib_a-sprintf.o)
                0x0000000008007e8c                siprintf
                0x0000000008007e8c                sprintf
 .text.strcpy   0x0000000008007ecc       0x10 c:/st/stm32cubeide_1.5.1/stm32cubeide/plugins/com.st.stm32cube.ide.mcu.externaltools.gnu-tools-for-stm32.9-2020-q2-update.win32_1.5.0.202011040924/tools/bin/../lib/gcc/arm-none-eabi/9.3.1/../../../../arm-none-eabi/lib/thumb/v7e-m+fp/hard\libc_nano.a(lib_a-strcpy.o)
                0x0000000008007ecc                strcpy
 .text.__ssputs_r
                0x0000000008007edc       0xb6 c:/st/stm32cubeide_1.5.1/stm32cubeide/plugins/com.st.stm32cube.ide.mcu.externaltools.gnu-tools-for-stm32.9-2020-q2-update.win32_1.5.0.202011040924/tools/bin/../lib/gcc/arm-none-eabi/9.3.1/../../../../arm-none-eabi/lib/thumb/v7e-m+fp/hard\libc_nano.a(lib_a-nano-svfprintf.o)
                0x0000000008007edc                __ssputs_r
 *fill*         0x0000000008007f92        0x2 
 .text._svfprintf_r
                0x0000000008007f94      0x200 c:/st/stm32cubeide_1.5.1/stm32cubeide/plugins/com.st.stm32cube.ide.mcu.externaltools.gnu-tools-for-stm32.9-2020-q2-update.win32_1.5.0.202011040924/tools/bin/../lib/gcc/arm-none-eabi/9.3.1/../../../../arm-none-eabi/lib/thumb/v7e-m+fp/hard\libc_nano.a(lib_a-nano-svfprintf.o)
                0x0000000008007f94                _svfiprintf_r
                0x0000000008007f94                _svfprintf_r
 .text._printf_common
                0x0000000008008194       0xda c:/st/stm32cubeide_1.5.1/stm32cubeide/plugins/com.st.stm32cube.ide.mcu.externaltools.gnu-tools-for-stm32.9-2020-q2-update.win32_1.5.0.202011040924/tools/bin/../lib/gcc/arm-none-eabi/9.3.1/../../../../arm-none-eabi/lib/thumb/v7e-m+fp/hard\libc_nano.a(lib_a-nano-vfprintf_i.o)
                0x0000000008008194                _printf_common
 *fill*         0x000000000800826e        0x2 
 .text._printf_i
                0x0000000008008270      0x24c c:/st/stm32cubeide_1.5.1/stm32cubeide/plugins/com.st.stm32cube.ide.mcu.externaltools.gnu-tools-for-stm32.9-2020-q2-update.win32_1.5.0.202011040924/tools/bin/../lib/gcc/arm-none-eabi/9.3.1/../../../../arm-none-eabi/lib/thumb/v7e-m+fp/hard\libc_nano.a(lib_a-nano-vfprintf_i.o)
                0x0000000008008270                _printf_i
 .text.memmove  0x00000000080084bc       0x34 c:/st/stm32cubeide_1.5.1/stm32cubeide/plugins/com.st.stm32cube.ide.mcu.externaltools.gnu-tools-for-stm32.9-2020-q2-update.win32_1.5.0.202011040924/tools/bin/../lib/gcc/arm-none-eabi/9.3.1/../../../../arm-none-eabi/lib/thumb/v7e-m+fp/hard\libc_nano.a(lib_a-memmove.o)
                0x00000000080084bc                memmove
 .text._free_r  0x00000000080084f0       0xa0 c:/st/stm32cubeide_1.5.1/stm32cubeide/plugins/com.st.stm32cube.ide.mcu.externaltools.gnu-tools-for-stm32.9-2020-q2-update.win32_1.5.0.202011040924/tools/bin/../lib/gcc/arm-none-eabi/9.3.1/../../../../arm-none-eabi/lib/thumb/v7e-m+fp/hard\libc_nano.a(lib_a-nano-freer.o)
                0x00000000080084f0                _free_r
 .text._malloc_r
                0x0000000008008590       0xb4 c:/st/stm32cubeide_1.5.1/stm32cubeide/plugins/com.st.stm32cube.ide.mcu.externaltools.gnu-tools-for-stm32.9-2020-q2-update.win32_1.5.0.202011040924/tools/bin/../lib/gcc/arm-none-eabi/9.3.1/../../../../arm-none-eabi/lib/thumb/v7e-m+fp/hard\libc_nano.a(lib_a-nano-mallocr.o)
                0x0000000008008590                _malloc_r
 .text._realloc_r
                0x0000000008008644       0x4c c:/st/stm32cubeide_1.5.1/stm32cubeide/plugins/com.st.stm32cube.ide.mcu.externaltools.gnu-tools-for-stm32.9-2020-q2-update.win32_1.5.0.202011040924/tools/bin/../lib/gcc/arm-none-eabi/9.3.1/../../../../arm-none-eabi/lib/thumb/v7e-m+fp/hard\libc_nano.a(lib_a-nano-reallocr.o)
                0x0000000008008644                _realloc_r
 .text._sbrk_r  0x0000000008008690       0x20 c:/st/stm32cubeide_1.5.1/stm32cubeide/plugins/com.st.stm32cube.ide.mcu.externaltools.gnu-tools-for-stm32.9-2020-q2-update.win32_1.5.0.202011040924/tools/bin/../lib/gcc/arm-none-eabi/9.3.1/../../../../arm-none-eabi/lib/thumb/v7e-m+fp/hard\libc_nano.a(lib_a-sbrkr.o)
                0x0000000008008690                _sbrk_r
 .text.__malloc_lock
                0x00000000080086b0        0xc c:/st/stm32cubeide_1.5.1/stm32cubeide/plugins/com.st.stm32cube.ide.mcu.externaltools.gnu-tools-for-stm32.9-2020-q2-update.win32_1.5.0.202011040924/tools/bin/../lib/gcc/arm-none-eabi/9.3.1/../../../../arm-none-eabi/lib/thumb/v7e-m+fp/hard\libc_nano.a(lib_a-mlock.o)
                0x00000000080086b0                __malloc_lock
 .text.__malloc_unlock
                0x00000000080086bc        0xc c:/st/stm32cubeide_1.5.1/stm32cubeide/plugins/com.st.stm32cube.ide.mcu.externaltools.gnu-tools-for-stm32.9-2020-q2-update.win32_1.5.0.202011040924/tools/bin/../lib/gcc/arm-none-eabi/9.3.1/../../../../arm-none-eabi/lib/thumb/v7e-m+fp/hard\libc_nano.a(lib_a-mlock.o)
                0x00000000080086bc                __malloc_unlock
 .text._malloc_usable_size_r
                0x00000000080086c8       0x10 c:/st/stm32cubeide_1.5.1/stm32cubeide/plugins/com.st.stm32cube.ide.mcu.externaltools.gnu-tools-for-stm32.9-2020-q2-update.win32_1.5.0.202011040924/tools/bin/../lib/gcc/arm-none-eabi/9.3.1/../../../../arm-none-eabi/lib/thumb/v7e-m+fp/hard\libc_nano.a(lib_a-nano-msizer.o)
                0x00000000080086c8                _malloc_usable_size_r
 .text.__retarget_lock_acquire_recursive
                0x00000000080086d8        0x2 c:/st/stm32cubeide_1.5.1/stm32cubeide/plugins/com.st.stm32cube.ide.mcu.externaltools.gnu-tools-for-stm32.9-2020-q2-update.win32_1.5.0.202011040924/tools/bin/../lib/gcc/arm-none-eabi/9.3.1/../../../../arm-none-eabi/lib/thumb/v7e-m+fp/hard\libc_nano.a(lib_a-lock.o)
                0x00000000080086d8                __retarget_lock_acquire_recursive
 .text.__retarget_lock_release_recursive
                0x00000000080086da        0x2 c:/st/stm32cubeide_1.5.1/stm32cubeide/plugins/com.st.stm32cube.ide.mcu.externaltools.gnu-tools-for-stm32.9-2020-q2-update.win32_1.5.0.202011040924/tools/bin/../lib/gcc/arm-none-eabi/9.3.1/../../../../arm-none-eabi/lib/thumb/v7e-m+fp/hard\libc_nano.a(lib_a-lock.o)
                0x00000000080086da                __retarget_lock_release_recursive
 *(.glue_7)
 .glue_7        0x00000000080086dc        0x0 linker stubs
 *(.glue_7t)
 .glue_7t       0x00000000080086dc        0x0 linker stubs
 *(.eh_frame)
 .eh_frame      0x00000000080086dc        0x0 c:/st/stm32cubeide_1.5.1/stm32cubeide/plugins/com.st.stm32cube.ide.mcu.externaltools.gnu-tools-for-stm32.9-2020-q2-update.win32_1.5.0.202011040924/tools/bin/../lib/gcc/arm-none-eabi/9.3.1/thumb/v7e-m+fp/hard/crtbegin.o
 *(.init)
 .init          0x00000000080086dc        0x4 c:/st/stm32cubeide_1.5.1/stm32cubeide/plugins/com.st.stm32cube.ide.mcu.externaltools.gnu-tools-for-stm32.9-2020-q2-update.win32_1.5.0.202011040924/tools/bin/../lib/gcc/arm-none-eabi/9.3.1/thumb/v7e-m+fp/hard/crti.o
                0x00000000080086dc                _init
 .init          0x00000000080086e0        0x8 c:/st/stm32cubeide_1.5.1/stm32cubeide/plugins/com.st.stm32cube.ide.mcu.externaltools.gnu-tools-for-stm32.9-2020-q2-update.win32_1.5.0.202011040924/tools/bin/../lib/gcc/arm-none-eabi/9.3.1/thumb/v7e-m+fp/hard/crtn.o
 *(.fini)
 .fini          0x00000000080086e8        0x4 c:/st/stm32cubeide_1.5.1/stm32cubeide/plugins/com.st.stm32cube.ide.mcu.externaltools.gnu-tools-for-stm32.9-2020-q2-update.win32_1.5.0.202011040924/tools/bin/../lib/gcc/arm-none-eabi/9.3.1/thumb/v7e-m+fp/hard/crti.o
                0x00000000080086e8                _fini
 .fini          0x00000000080086ec        0x8 c:/st/stm32cubeide_1.5.1/stm32cubeide/plugins/com.st.stm32cube.ide.mcu.externaltools.gnu-tools-for-stm32.9-2020-q2-update.win32_1.5.0.202011040924/tools/bin/../lib/gcc/arm-none-eabi/9.3.1/thumb/v7e-m+fp/hard/crtn.o
                0x00000000080086f4                . = ALIGN (0x4)
                0x00000000080086f4                _etext = .

.vfp11_veneer   0x00000000080086f4        0x0
 .vfp11_veneer  0x00000000080086f4        0x0 linker stubs

.v4_bx          0x00000000080086f4        0x0
 .v4_bx         0x00000000080086f4        0x0 linker stubs

.iplt           0x00000000080086f4        0x0
 .iplt          0x00000000080086f4        0x0 c:/st/stm32cubeide_1.5.1/stm32cubeide/plugins/com.st.stm32cube.ide.mcu.externaltools.gnu-tools-for-stm32.9-2020-q2-update.win32_1.5.0.202011040924/tools/bin/../lib/gcc/arm-none-eabi/9.3.1/thumb/v7e-m+fp/hard/crtbegin.o

.rodata         0x00000000080086f4      0x164
                0x00000000080086f4                . = ALIGN (0x4)
 *(.rodata)
 .rodata        0x00000000080086f4       0x30 Middlewares/Third_Party/FreeRTOS/Source/tasks.o
 .rodata        0x0000000008008724       0xde Src/main.o
 *(.rodata*)
 *fill*         0x0000000008008802        0x2 
 .rodata.flagBitshiftOffset.8437
                0x0000000008008804        0x8 Drivers/STM32F4xx_HAL_Driver/Src/stm32f4xx_hal_dma.o
 .rodata.AHBPrescTable
                0x000000000800880c       0x10 Src/system_stm32f4xx.o
                0x000000000800880c                AHBPrescTable
 .rodata.APBPrescTable
                0x000000000800881c        0x8 Src/system_stm32f4xx.o
                0x000000000800881c                APBPrescTable
 .rodata._svfprintf_r.str1.1
                0x0000000008008824       0x11 c:/st/stm32cubeide_1.5.1/stm32cubeide/plugins/com.st.stm32cube.ide.mcu.externaltools.gnu-tools-for-stm32.9-2020-q2-update.win32_1.5.0.202011040924/tools/bin/../lib/gcc/arm-none-eabi/9.3.1/../../../../arm-none-eabi/lib/thumb/v7e-m+fp/hard\libc_nano.a(lib_a-nano-svfprintf.o)
 .rodata._printf_i.str1.1
                0x0000000008008835       0x22 c:/st/stm32cubeide_1.5.1/stm32cubeide/plugins/com.st.stm32cube.ide.mcu.externaltools.gnu-tools-for-stm32.9-2020-q2-update.win32_1.5.0.202011040924/tools/bin/../lib/gcc/arm-none-eabi/9.3.1/../../../../arm-none-eabi/lib/thumb/v7e-m+fp/hard\libc_nano.a(lib_a-nano-vfprintf_i.o)
                0x0000000008008858                . = ALIGN (0x4)
 *fill*         0x0000000008008857        0x1 

.ARM.extab      0x0000000008008858        0x0
                0x0000000008008858                . = ALIGN (0x4)
 *(.ARM.extab* .gnu.linkonce.armextab.*)
                0x0000000008008858                . = ALIGN (0x4)

.ARM            0x0000000008008858        0x8
                0x0000000008008858                . = ALIGN (0x4)
                0x0000000008008858                __exidx_start = .
 *(.ARM.exidx*)
 .ARM.exidx     0x0000000008008858        0x8 c:/st/stm32cubeide_1.5.1/stm32cubeide/plugins/com.st.stm32cube.ide.mcu.externaltools.gnu-tools-for-stm32.9-2020-q2-update.win32_1.5.0.202011040924/tools/bin/../lib/gcc/arm-none-eabi/9.3.1/thumb/v7e-m+fp/hard\libgcc.a(_udivmoddi4.o)
                0x0000000008008860                __exidx_end = .
                0x0000000008008860                . = ALIGN (0x4)

.rel.dyn        0x0000000008008860        0x0
 .rel.iplt      0x0000000008008860        0x0 c:/st/stm32cubeide_1.5.1/stm32cubeide/plugins/com.st.stm32cube.ide.mcu.externaltools.gnu-tools-for-stm32.9-2020-q2-update.win32_1.5.0.202011040924/tools/bin/../lib/gcc/arm-none-eabi/9.3.1/thumb/v7e-m+fp/hard/crtbegin.o

.preinit_array  0x0000000008008860        0x0
                0x0000000008008860                . = ALIGN (0x4)
                0x0000000008008860                PROVIDE (__preinit_array_start = .)
 *(.preinit_array*)
                0x0000000008008860                PROVIDE (__preinit_array_end = .)
                0x0000000008008860                . = ALIGN (0x4)

.init_array     0x0000000008008860        0x4
                0x0000000008008860                . = ALIGN (0x4)
                0x0000000008008860                PROVIDE (__init_array_start = .)
 *(SORT_BY_NAME(.init_array.*))
 *(.init_array*)
 .init_array    0x0000000008008860        0x4 c:/st/stm32cubeide_1.5.1/stm32cubeide/plugins/com.st.stm32cube.ide.mcu.externaltools.gnu-tools-for-stm32.9-2020-q2-update.win32_1.5.0.202011040924/tools/bin/../lib/gcc/arm-none-eabi/9.3.1/thumb/v7e-m+fp/hard/crtbegin.o
                0x0000000008008864                PROVIDE (__init_array_end = .)
                0x0000000008008864                . = ALIGN (0x4)

.fini_array     0x0000000008008864        0x4
                0x0000000008008864                . = ALIGN (0x4)
                [!provide]                        PROVIDE (__fini_array_start = .)
 *(SORT_BY_NAME(.fini_array.*))
 *(.fini_array*)
 .fini_array    0x0000000008008864        0x4 c:/st/stm32cubeide_1.5.1/stm32cubeide/plugins/com.st.stm32cube.ide.mcu.externaltools.gnu-tools-for-stm32.9-2020-q2-update.win32_1.5.0.202011040924/tools/bin/../lib/gcc/arm-none-eabi/9.3.1/thumb/v7e-m+fp/hard/crtbegin.o
                [!provide]                        PROVIDE (__fini_array_end = .)
                0x0000000008008868                . = ALIGN (0x4)
                0x0000000008008868                _sidata = LOADADDR (.data)

.data           0x0000000020000000       0xec load address 0x0000000008008868
                0x0000000020000000                . = ALIGN (0x4)
                0x0000000020000000                _sdata = .
 *(.data)
 *(.data*)
 .data.uwTickPrio
                0x0000000020000000        0x4 Drivers/STM32F4xx_HAL_Driver/Src/stm32f4xx_hal.o
                0x0000000020000000                uwTickPrio
 .data.uwTickFreq
                0x0000000020000004        0x1 Drivers/STM32F4xx_HAL_Driver/Src/stm32f4xx_hal.o
                0x0000000020000004                uwTickFreq
 *fill*         0x0000000020000005        0x3 
 .data.uxCriticalNesting
                0x0000000020000008        0x4 Middlewares/Third_Party/FreeRTOS/Source/portable/GCC/ARM_CM4F/port.o
 .data.trig     0x000000002000000c        0xb Src/main.o
                0x000000002000000c                trig
 *fill*         0x0000000020000017        0x1 
 .data.msg1     0x0000000020000018        0x4 Src/main.o
                0x0000000020000018                msg1
 .data.help     0x000000002000001c       0x5b Src/main.o
                0x000000002000001c                help
 *fill*         0x0000000020000077        0x1 
 .data.msg_help
                0x0000000020000078        0x4 Src/main.o
                0x0000000020000078                msg_help
 .data.LED_delay
                0x000000002000007c        0x4 Src/main.o
                0x000000002000007c                LED_delay
 .data.LED_speedup
                0x0000000020000080        0x1 Src/main.o
                0x0000000020000080                LED_speedup
 *fill*         0x0000000020000081        0x3 
 .data.SystemCoreClock
                0x0000000020000084        0x4 Src/system_stm32f4xx.o
                0x0000000020000084                SystemCoreClock
 .data._impure_ptr
                0x0000000020000088        0x4 c:/st/stm32cubeide_1.5.1/stm32cubeide/plugins/com.st.stm32cube.ide.mcu.externaltools.gnu-tools-for-stm32.9-2020-q2-update.win32_1.5.0.202011040924/tools/bin/../lib/gcc/arm-none-eabi/9.3.1/../../../../arm-none-eabi/lib/thumb/v7e-m+fp/hard\libc_nano.a(lib_a-impure.o)
                0x0000000020000088                _impure_ptr
 .data.impure_data
                0x000000002000008c       0x60 c:/st/stm32cubeide_1.5.1/stm32cubeide/plugins/com.st.stm32cube.ide.mcu.externaltools.gnu-tools-for-stm32.9-2020-q2-update.win32_1.5.0.202011040924/tools/bin/../lib/gcc/arm-none-eabi/9.3.1/../../../../arm-none-eabi/lib/thumb/v7e-m+fp/hard\libc_nano.a(lib_a-impure.o)
                0x00000000200000ec                . = ALIGN (0x4)
                0x00000000200000ec                _edata = .

.igot.plt       0x00000000200000ec        0x0 load address 0x0000000008008954
 .igot.plt      0x00000000200000ec        0x0 c:/st/stm32cubeide_1.5.1/stm32cubeide/plugins/com.st.stm32cube.ide.mcu.externaltools.gnu-tools-for-stm32.9-2020-q2-update.win32_1.5.0.202011040924/tools/bin/../lib/gcc/arm-none-eabi/9.3.1/thumb/v7e-m+fp/hard/crtbegin.o
                0x00000000200000ec                . = ALIGN (0x4)

.bss            0x00000000200000ec     0x4234 load address 0x0000000008008954
                0x00000000200000ec                _sbss = .
                0x00000000200000ec                __bss_start__ = _sbss
 *(.bss)
 .bss           0x00000000200000ec       0x1c c:/st/stm32cubeide_1.5.1/stm32cubeide/plugins/com.st.stm32cube.ide.mcu.externaltools.gnu-tools-for-stm32.9-2020-q2-update.win32_1.5.0.202011040924/tools/bin/../lib/gcc/arm-none-eabi/9.3.1/thumb/v7e-m+fp/hard/crtbegin.o
 *(.bss*)
 .bss.pxCurrentTCB
                0x0000000020000108        0x4 Middlewares/Third_Party/FreeRTOS/Source/tasks.o
                0x0000000020000108                pxCurrentTCB
 .bss.pxReadyTasksLists
                0x000000002000010c       0x8c Middlewares/Third_Party/FreeRTOS/Source/tasks.o
 .bss.xDelayedTaskList1
                0x0000000020000198       0x14 Middlewares/Third_Party/FreeRTOS/Source/tasks.o
 .bss.xDelayedTaskList2
                0x00000000200001ac       0x14 Middlewares/Third_Party/FreeRTOS/Source/tasks.o
 .bss.pxDelayedTaskList
                0x00000000200001c0        0x4 Middlewares/Third_Party/FreeRTOS/Source/tasks.o
 .bss.pxOverflowDelayedTaskList
                0x00000000200001c4        0x4 Middlewares/Third_Party/FreeRTOS/Source/tasks.o
 .bss.xPendingReadyList
                0x00000000200001c8       0x14 Middlewares/Third_Party/FreeRTOS/Source/tasks.o
 .bss.xTasksWaitingTermination
                0x00000000200001dc       0x14 Middlewares/Third_Party/FreeRTOS/Source/tasks.o
 .bss.uxDeletedTasksWaitingCleanUp
                0x00000000200001f0        0x4 Middlewares/Third_Party/FreeRTOS/Source/tasks.o
 .bss.xSuspendedTaskList
                0x00000000200001f4       0x14 Middlewares/Third_Party/FreeRTOS/Source/tasks.o
 .bss.uxCurrentNumberOfTasks
                0x0000000020000208        0x4 Middlewares/Third_Party/FreeRTOS/Source/tasks.o
 .bss.xTickCount
                0x000000002000020c        0x4 Middlewares/Third_Party/FreeRTOS/Source/tasks.o
 .bss.uxTopReadyPriority
                0x0000000020000210        0x4 Middlewares/Third_Party/FreeRTOS/Source/tasks.o
 .bss.xSchedulerRunning
                0x0000000020000214        0x4 Middlewares/Third_Party/FreeRTOS/Source/tasks.o
 .bss.uxPendedTicks
                0x0000000020000218        0x4 Middlewares/Third_Party/FreeRTOS/Source/tasks.o
 .bss.xYieldPending
                0x000000002000021c        0x4 Middlewares/Third_Party/FreeRTOS/Source/tasks.o
 .bss.xNumOfOverflows
                0x0000000020000220        0x4 Middlewares/Third_Party/FreeRTOS/Source/tasks.o
 .bss.uxTaskNumber
                0x0000000020000224        0x4 Middlewares/Third_Party/FreeRTOS/Source/tasks.o
 .bss.xNextTaskUnblockTime
                0x0000000020000228        0x4 Middlewares/Third_Party/FreeRTOS/Source/tasks.o
 .bss.xIdleTaskHandle
                0x000000002000022c        0x4 Middlewares/Third_Party/FreeRTOS/Source/tasks.o
 .bss.uxSchedulerSuspended
                0x0000000020000230        0x4 Middlewares/Third_Party/FreeRTOS/Source/tasks.o
 .bss.ulTaskSwitchedInTime
                0x0000000020000234        0x4 Middlewares/Third_Party/FreeRTOS/Source/tasks.o
 .bss.ulTotalRunTime
                0x0000000020000238        0x4 Middlewares/Third_Party/FreeRTOS/Source/tasks.o
 .bss.ucMaxSysCallPriority
                0x000000002000023c        0x1 Middlewares/Third_Party/FreeRTOS/Source/portable/GCC/ARM_CM4F/port.o
 *fill*         0x000000002000023d        0x3 
 .bss.ulMaxPRIGROUPValue
                0x0000000020000240        0x4 Middlewares/Third_Party/FreeRTOS/Source/portable/GCC/ARM_CM4F/port.o
 .bss.ucHeap    0x0000000020000244     0x3c00 Middlewares/Third_Party/FreeRTOS/Source/portable/MemMang/heap_4.o
 .bss.xStart    0x0000000020003e44        0x8 Middlewares/Third_Party/FreeRTOS/Source/portable/MemMang/heap_4.o
 .bss.pxEnd     0x0000000020003e4c        0x4 Middlewares/Third_Party/FreeRTOS/Source/portable/MemMang/heap_4.o
 .bss.xFreeBytesRemaining
                0x0000000020003e50        0x4 Middlewares/Third_Party/FreeRTOS/Source/portable/MemMang/heap_4.o
 .bss.xMinimumEverFreeBytesRemaining
                0x0000000020003e54        0x4 Middlewares/Third_Party/FreeRTOS/Source/portable/MemMang/heap_4.o
 .bss.xBlockAllocatedBit
                0x0000000020003e58        0x4 Middlewares/Third_Party/FreeRTOS/Source/portable/MemMang/heap_4.o
 .bss.tim4_ov_counter
                0x0000000020003e5c        0x4 Src/freertos.o
                0x0000000020003e5c                tim4_ov_counter
 .bss.xIdleTaskTCBBuffer
                0x0000000020003e60       0x60 Src/freertos.o
 .bss.xIdleStack
                0x0000000020003ec0      0x200 Src/freertos.o
 .bss.heap_end.6585
                0x00000000200040c0        0x4 Src/sysmem.o
 .bss.__malloc_free_list
                0x00000000200040c4        0x4 c:/st/stm32cubeide_1.5.1/stm32cubeide/plugins/com.st.stm32cube.ide.mcu.externaltools.gnu-tools-for-stm32.9-2020-q2-update.win32_1.5.0.202011040924/tools/bin/../lib/gcc/arm-none-eabi/9.3.1/../../../../arm-none-eabi/lib/thumb/v7e-m+fp/hard\libc_nano.a(lib_a-nano-mallocr.o)
                0x00000000200040c4                __malloc_free_list
 .bss.__malloc_sbrk_start
                0x00000000200040c8        0x4 c:/st/stm32cubeide_1.5.1/stm32cubeide/plugins/com.st.stm32cube.ide.mcu.externaltools.gnu-tools-for-stm32.9-2020-q2-update.win32_1.5.0.202011040924/tools/bin/../lib/gcc/arm-none-eabi/9.3.1/../../../../arm-none-eabi/lib/thumb/v7e-m+fp/hard\libc_nano.a(lib_a-nano-mallocr.o)
                0x00000000200040c8                __malloc_sbrk_start
 *(COMMON)
 COMMON         0x00000000200040cc        0x4 Drivers/STM32F4xx_HAL_Driver/Src/stm32f4xx_hal.o
                0x00000000200040cc                uwTick
 COMMON         0x00000000200040d0      0x200 Src/main.o
                0x00000000200040d0                defaultTaskHandle
                0x00000000200040d4                hdma_usart2_rx
                0x0000000020004134                htim4
                0x0000000020004174                hadc1
                0x00000000200041bc                hdma_usart2_tx
                0x000000002000421c                ADCTaskHandle
                0x0000000020004220                hdma_adc1
                0x0000000020004280                uartTxQueueHandle
                0x0000000020004284                statsTaskHandle
                0x0000000020004288                buf
                0x000000002000428c                huart2
                0x00000000200042cc                uartTxTaskHandle
 COMMON         0x00000000200042d0       0x40 Src/stm32f4xx_hal_timebase_tim.o
                0x00000000200042d0                htim7
 COMMON         0x0000000020004310        0x4 c:/st/stm32cubeide_1.5.1/stm32cubeide/plugins/com.st.stm32cube.ide.mcu.externaltools.gnu-tools-for-stm32.9-2020-q2-update.win32_1.5.0.202011040924/tools/bin/../lib/gcc/arm-none-eabi/9.3.1/../../../../arm-none-eabi/lib/thumb/v7e-m+fp/hard\libc_nano.a(lib_a-reent.o)
                0x0000000020004310                errno
 COMMON         0x0000000020004314        0x9 c:/st/stm32cubeide_1.5.1/stm32cubeide/plugins/com.st.stm32cube.ide.mcu.externaltools.gnu-tools-for-stm32.9-2020-q2-update.win32_1.5.0.202011040924/tools/bin/../lib/gcc/arm-none-eabi/9.3.1/../../../../arm-none-eabi/lib/thumb/v7e-m+fp/hard\libc_nano.a(lib_a-lock.o)
                0x0000000020004314                __lock___atexit_recursive_mutex
                0x0000000020004315                __lock___arc4random_mutex
                0x0000000020004316                __lock___env_recursive_mutex
                0x0000000020004317                __lock___sinit_recursive_mutex
                0x0000000020004318                __lock___malloc_recursive_mutex
                0x0000000020004319                __lock___at_quick_exit_mutex
                0x000000002000431a                __lock___dd_hash_mutex
                0x000000002000431b                __lock___tz_mutex
                0x000000002000431c                __lock___sfp_recursive_mutex
                0x0000000020004320                . = ALIGN (0x4)
 *fill*         0x000000002000431d        0x3 
                0x0000000020004320                _ebss = .
                0x0000000020004320                __bss_end__ = _ebss

._user_heap_stack
                0x0000000020004320      0x600 load address 0x0000000008008954
                0x0000000020004320                . = ALIGN (0x8)
                0x0000000020004320                PROVIDE (end = .)
                [!provide]                        PROVIDE (_end = .)
                0x0000000020004520                . = (. + _Min_Heap_Size)
 *fill*         0x0000000020004320      0x200 
                0x0000000020004920                . = (. + _Min_Stack_Size)
 *fill*         0x0000000020004520      0x400 
                0x0000000020004920                . = ALIGN (0x8)

/DISCARD/
 libc.a(*)
 libm.a(*)
 libgcc.a(*)

.ARM.attributes
                0x0000000000000000       0x30
 *(.ARM.attributes)
 .ARM.attributes
                0x0000000000000000       0x1e c:/st/stm32cubeide_1.5.1/stm32cubeide/plugins/com.st.stm32cube.ide.mcu.externaltools.gnu-tools-for-stm32.9-2020-q2-update.win32_1.5.0.202011040924/tools/bin/../lib/gcc/arm-none-eabi/9.3.1/thumb/v7e-m+fp/hard/crti.o
 .ARM.attributes
                0x000000000000001e       0x34 c:/st/stm32cubeide_1.5.1/stm32cubeide/plugins/com.st.stm32cube.ide.mcu.externaltools.gnu-tools-for-stm32.9-2020-q2-update.win32_1.5.0.202011040924/tools/bin/../lib/gcc/arm-none-eabi/9.3.1/thumb/v7e-m+fp/hard/crtbegin.o
 .ARM.attributes
                0x0000000000000052       0x34 Drivers/STM32F4xx_HAL_Driver/Src/stm32f4xx_hal.o
 .ARM.attributes
                0x0000000000000086       0x34 Drivers/STM32F4xx_HAL_Driver/Src/stm32f4xx_hal_adc.o
 .ARM.attributes
                0x00000000000000ba       0x34 Drivers/STM32F4xx_HAL_Driver/Src/stm32f4xx_hal_adc_ex.o
 .ARM.attributes
                0x00000000000000ee       0x34 Drivers/STM32F4xx_HAL_Driver/Src/stm32f4xx_hal_cortex.o
 .ARM.attributes
                0x0000000000000122       0x34 Drivers/STM32F4xx_HAL_Driver/Src/stm32f4xx_hal_dma.o
 .ARM.attributes
                0x0000000000000156       0x34 Drivers/STM32F4xx_HAL_Driver/Src/stm32f4xx_hal_gpio.o
 .ARM.attributes
                0x000000000000018a       0x34 Drivers/STM32F4xx_HAL_Driver/Src/stm32f4xx_hal_rcc.o
 .ARM.attributes
                0x00000000000001be       0x34 Drivers/STM32F4xx_HAL_Driver/Src/stm32f4xx_hal_rcc_ex.o
 .ARM.attributes
                0x00000000000001f2       0x34 Drivers/STM32F4xx_HAL_Driver/Src/stm32f4xx_hal_tim.o
 .ARM.attributes
                0x0000000000000226       0x34 Drivers/STM32F4xx_HAL_Driver/Src/stm32f4xx_hal_tim_ex.o
 .ARM.attributes
                0x000000000000025a       0x34 Drivers/STM32F4xx_HAL_Driver/Src/stm32f4xx_hal_uart.o
 .ARM.attributes
                0x000000000000028e       0x34 Middlewares/Third_Party/FreeRTOS/Source/CMSIS_RTOS/cmsis_os.o
 .ARM.attributes
                0x00000000000002c2       0x34 Middlewares/Third_Party/FreeRTOS/Source/list.o
 .ARM.attributes
                0x00000000000002f6       0x34 Middlewares/Third_Party/FreeRTOS/Source/queue.o
 .ARM.attributes
                0x000000000000032a       0x34 Middlewares/Third_Party/FreeRTOS/Source/tasks.o
 .ARM.attributes
                0x000000000000035e       0x34 Middlewares/Third_Party/FreeRTOS/Source/portable/GCC/ARM_CM4F/port.o
 .ARM.attributes
                0x0000000000000392       0x34 Middlewares/Third_Party/FreeRTOS/Source/portable/MemMang/heap_4.o
 .ARM.attributes
                0x00000000000003c6       0x34 Src/freertos.o
 .ARM.attributes
                0x00000000000003fa       0x34 Src/main.o
 .ARM.attributes
                0x000000000000042e       0x34 Src/mz_dma_uart.o
 .ARM.attributes
                0x0000000000000462       0x34 Src/stm32f4xx_hal_msp.o
 .ARM.attributes
                0x0000000000000496       0x34 Src/stm32f4xx_hal_timebase_tim.o
 .ARM.attributes
                0x00000000000004ca       0x34 Src/stm32f4xx_it.o
 .ARM.attributes
                0x00000000000004fe       0x34 Src/sysmem.o
 .ARM.attributes
                0x0000000000000532       0x34 Src/system_stm32f4xx.o
 .ARM.attributes
                0x0000000000000566       0x21 Startup/startup_stm32f446retx.o
 .ARM.attributes
                0x0000000000000587       0x34 c:/st/stm32cubeide_1.5.1/stm32cubeide/plugins/com.st.stm32cube.ide.mcu.externaltools.gnu-tools-for-stm32.9-2020-q2-update.win32_1.5.0.202011040924/tools/bin/../lib/gcc/arm-none-eabi/9.3.1/../../../../arm-none-eabi/lib/thumb/v7e-m+fp/hard\libc_nano.a(lib_a-errno.o)
 .ARM.attributes
                0x00000000000005bb       0x32 c:/st/stm32cubeide_1.5.1/stm32cubeide/plugins/com.st.stm32cube.ide.mcu.externaltools.gnu-tools-for-stm32.9-2020-q2-update.win32_1.5.0.202011040924/tools/bin/../lib/gcc/arm-none-eabi/9.3.1/../../../../arm-none-eabi/lib/thumb/v7e-m+fp/hard\libc_nano.a(lib_a-impure.o)
 .ARM.attributes
                0x00000000000005ed       0x34 c:/st/stm32cubeide_1.5.1/stm32cubeide/plugins/com.st.stm32cube.ide.mcu.externaltools.gnu-tools-for-stm32.9-2020-q2-update.win32_1.5.0.202011040924/tools/bin/../lib/gcc/arm-none-eabi/9.3.1/../../../../arm-none-eabi/lib/thumb/v7e-m+fp/hard\libc_nano.a(lib_a-init.o)
 .ARM.attributes
                0x0000000000000621       0x34 c:/st/stm32cubeide_1.5.1/stm32cubeide/plugins/com.st.stm32cube.ide.mcu.externaltools.gnu-tools-for-stm32.9-2020-q2-update.win32_1.5.0.202011040924/tools/bin/../lib/gcc/arm-none-eabi/9.3.1/../../../../arm-none-eabi/lib/thumb/v7e-m+fp/hard\libc_nano.a(lib_a-memcpy-stub.o)
 .ARM.attributes
                0x0000000000000655       0x34 c:/st/stm32cubeide_1.5.1/stm32cubeide/plugins/com.st.stm32cube.ide.mcu.externaltools.gnu-tools-for-stm32.9-2020-q2-update.win32_1.5.0.202011040924/tools/bin/../lib/gcc/arm-none-eabi/9.3.1/../../../../arm-none-eabi/lib/thumb/v7e-m+fp/hard\libc_nano.a(lib_a-memset.o)
 .ARM.attributes
                0x0000000000000689       0x34 c:/st/stm32cubeide_1.5.1/stm32cubeide/plugins/com.st.stm32cube.ide.mcu.externaltools.gnu-tools-for-stm32.9-2020-q2-update.win32_1.5.0.202011040924/tools/bin/../lib/gcc/arm-none-eabi/9.3.1/../../../../arm-none-eabi/lib/thumb/v7e-m+fp/hard\libc_nano.a(lib_a-sprintf.o)
 .ARM.attributes
                0x00000000000006bd       0x34 c:/st/stm32cubeide_1.5.1/stm32cubeide/plugins/com.st.stm32cube.ide.mcu.externaltools.gnu-tools-for-stm32.9-2020-q2-update.win32_1.5.0.202011040924/tools/bin/../lib/gcc/arm-none-eabi/9.3.1/../../../../arm-none-eabi/lib/thumb/v7e-m+fp/hard\libc_nano.a(lib_a-strcpy.o)
 .ARM.attributes
                0x00000000000006f1       0x17 c:/st/stm32cubeide_1.5.1/stm32cubeide/plugins/com.st.stm32cube.ide.mcu.externaltools.gnu-tools-for-stm32.9-2020-q2-update.win32_1.5.0.202011040924/tools/bin/../lib/gcc/arm-none-eabi/9.3.1/../../../../arm-none-eabi/lib/thumb/v7e-m+fp/hard\libc_nano.a(lib_a-strlen.o)
 .ARM.attributes
                0x0000000000000708       0x34 c:/st/stm32cubeide_1.5.1/stm32cubeide/plugins/com.st.stm32cube.ide.mcu.externaltools.gnu-tools-for-stm32.9-2020-q2-update.win32_1.5.0.202011040924/tools/bin/../lib/gcc/arm-none-eabi/9.3.1/../../../../arm-none-eabi/lib/thumb/v7e-m+fp/hard\libc_nano.a(lib_a-nano-svfprintf.o)
 .ARM.attributes
                0x000000000000073c       0x34 c:/st/stm32cubeide_1.5.1/stm32cubeide/plugins/com.st.stm32cube.ide.mcu.externaltools.gnu-tools-for-stm32.9-2020-q2-update.win32_1.5.0.202011040924/tools/bin/../lib/gcc/arm-none-eabi/9.3.1/../../../../arm-none-eabi/lib/thumb/v7e-m+fp/hard\libc_nano.a(lib_a-nano-vfprintf_i.o)
 .ARM.attributes
                0x0000000000000770       0x1c c:/st/stm32cubeide_1.5.1/stm32cubeide/plugins/com.st.stm32cube.ide.mcu.externaltools.gnu-tools-for-stm32.9-2020-q2-update.win32_1.5.0.202011040924/tools/bin/../lib/gcc/arm-none-eabi/9.3.1/../../../../arm-none-eabi/lib/thumb/v7e-m+fp/hard\libc_nano.a(lib_a-memchr.o)
 .ARM.attributes
                0x000000000000078c       0x34 c:/st/stm32cubeide_1.5.1/stm32cubeide/plugins/com.st.stm32cube.ide.mcu.externaltools.gnu-tools-for-stm32.9-2020-q2-update.win32_1.5.0.202011040924/tools/bin/../lib/gcc/arm-none-eabi/9.3.1/../../../../arm-none-eabi/lib/thumb/v7e-m+fp/hard\libc_nano.a(lib_a-memmove.o)
 .ARM.attributes
                0x00000000000007c0       0x34 c:/st/stm32cubeide_1.5.1/stm32cubeide/plugins/com.st.stm32cube.ide.mcu.externaltools.gnu-tools-for-stm32.9-2020-q2-update.win32_1.5.0.202011040924/tools/bin/../lib/gcc/arm-none-eabi/9.3.1/../../../../arm-none-eabi/lib/thumb/v7e-m+fp/hard\libc_nano.a(lib_a-nano-freer.o)
 .ARM.attributes
                0x00000000000007f4       0x34 c:/st/stm32cubeide_1.5.1/stm32cubeide/plugins/com.st.stm32cube.ide.mcu.externaltools.gnu-tools-for-stm32.9-2020-q2-update.win32_1.5.0.202011040924/tools/bin/../lib/gcc/arm-none-eabi/9.3.1/../../../../arm-none-eabi/lib/thumb/v7e-m+fp/hard\libc_nano.a(lib_a-nano-mallocr.o)
 .ARM.attributes
                0x0000000000000828       0x34 c:/st/stm32cubeide_1.5.1/stm32cubeide/plugins/com.st.stm32cube.ide.mcu.externaltools.gnu-tools-for-stm32.9-2020-q2-update.win32_1.5.0.202011040924/tools/bin/../lib/gcc/arm-none-eabi/9.3.1/../../../../arm-none-eabi/lib/thumb/v7e-m+fp/hard\libc_nano.a(lib_a-nano-reallocr.o)
 .ARM.attributes
                0x000000000000085c       0x34 c:/st/stm32cubeide_1.5.1/stm32cubeide/plugins/com.st.stm32cube.ide.mcu.externaltools.gnu-tools-for-stm32.9-2020-q2-update.win32_1.5.0.202011040924/tools/bin/../lib/gcc/arm-none-eabi/9.3.1/../../../../arm-none-eabi/lib/thumb/v7e-m+fp/hard\libc_nano.a(lib_a-sbrkr.o)
 .ARM.attributes
                0x0000000000000890       0x34 c:/st/stm32cubeide_1.5.1/stm32cubeide/plugins/com.st.stm32cube.ide.mcu.externaltools.gnu-tools-for-stm32.9-2020-q2-update.win32_1.5.0.202011040924/tools/bin/../lib/gcc/arm-none-eabi/9.3.1/../../../../arm-none-eabi/lib/thumb/v7e-m+fp/hard\libc_nano.a(lib_a-mlock.o)
 .ARM.attributes
                0x00000000000008c4       0x34 c:/st/stm32cubeide_1.5.1/stm32cubeide/plugins/com.st.stm32cube.ide.mcu.externaltools.gnu-tools-for-stm32.9-2020-q2-update.win32_1.5.0.202011040924/tools/bin/../lib/gcc/arm-none-eabi/9.3.1/../../../../arm-none-eabi/lib/thumb/v7e-m+fp/hard\libc_nano.a(lib_a-nano-msizer.o)
 .ARM.attributes
                0x00000000000008f8       0x34 c:/st/stm32cubeide_1.5.1/stm32cubeide/plugins/com.st.stm32cube.ide.mcu.externaltools.gnu-tools-for-stm32.9-2020-q2-update.win32_1.5.0.202011040924/tools/bin/../lib/gcc/arm-none-eabi/9.3.1/../../../../arm-none-eabi/lib/thumb/v7e-m+fp/hard\libc_nano.a(lib_a-reent.o)
 .ARM.attributes
                0x000000000000092c       0x34 c:/st/stm32cubeide_1.5.1/stm32cubeide/plugins/com.st.stm32cube.ide.mcu.externaltools.gnu-tools-for-stm32.9-2020-q2-update.win32_1.5.0.202011040924/tools/bin/../lib/gcc/arm-none-eabi/9.3.1/../../../../arm-none-eabi/lib/thumb/v7e-m+fp/hard\libc_nano.a(lib_a-lock.o)
 .ARM.attributes
                0x0000000000000960       0x1e c:/st/stm32cubeide_1.5.1/stm32cubeide/plugins/com.st.stm32cube.ide.mcu.externaltools.gnu-tools-for-stm32.9-2020-q2-update.win32_1.5.0.202011040924/tools/bin/../lib/gcc/arm-none-eabi/9.3.1/thumb/v7e-m+fp/hard\libgcc.a(_aeabi_uldivmod.o)
 .ARM.attributes
                0x000000000000097e       0x34 c:/st/stm32cubeide_1.5.1/stm32cubeide/plugins/com.st.stm32cube.ide.mcu.externaltools.gnu-tools-for-stm32.9-2020-q2-update.win32_1.5.0.202011040924/tools/bin/../lib/gcc/arm-none-eabi/9.3.1/thumb/v7e-m+fp/hard\libgcc.a(_udivmoddi4.o)
 .ARM.attributes
                0x00000000000009b2       0x1e c:/st/stm32cubeide_1.5.1/stm32cubeide/plugins/com.st.stm32cube.ide.mcu.externaltools.gnu-tools-for-stm32.9-2020-q2-update.win32_1.5.0.202011040924/tools/bin/../lib/gcc/arm-none-eabi/9.3.1/thumb/v7e-m+fp/hard\libgcc.a(_dvmd_tls.o)
 .ARM.attributes
                0x00000000000009d0       0x1e c:/st/stm32cubeide_1.5.1/stm32cubeide/plugins/com.st.stm32cube.ide.mcu.externaltools.gnu-tools-for-stm32.9-2020-q2-update.win32_1.5.0.202011040924/tools/bin/../lib/gcc/arm-none-eabi/9.3.1/thumb/v7e-m+fp/hard/crtn.o
OUTPUT(lab_2.elf elf32-littlearm)
LOAD linker stubs
LOAD c:/st/stm32cubeide_1.5.1/stm32cubeide/plugins/com.st.stm32cube.ide.mcu.externaltools.gnu-tools-for-stm32.9-2020-q2-update.win32_1.5.0.202011040924/tools/bin/../lib/gcc/arm-none-eabi/9.3.1/../../../../arm-none-eabi/lib/thumb/v7e-m+fp/hard\libc.a
LOAD c:/st/stm32cubeide_1.5.1/stm32cubeide/plugins/com.st.stm32cube.ide.mcu.externaltools.gnu-tools-for-stm32.9-2020-q2-update.win32_1.5.0.202011040924/tools/bin/../lib/gcc/arm-none-eabi/9.3.1/../../../../arm-none-eabi/lib/thumb/v7e-m+fp/hard\libm.a
LOAD c:/st/stm32cubeide_1.5.1/stm32cubeide/plugins/com.st.stm32cube.ide.mcu.externaltools.gnu-tools-for-stm32.9-2020-q2-update.win32_1.5.0.202011040924/tools/bin/../lib/gcc/arm-none-eabi/9.3.1/thumb/v7e-m+fp/hard\libgcc.a

.debug_info     0x0000000000000000    0x19c64
 .debug_info    0x0000000000000000      0xa08 Drivers/STM32F4xx_HAL_Driver/Src/stm32f4xx_hal.o
 .debug_info    0x0000000000000a08      0xdbc Drivers/STM32F4xx_HAL_Driver/Src/stm32f4xx_hal_adc.o
 .debug_info    0x00000000000017c4      0xc22 Drivers/STM32F4xx_HAL_Driver/Src/stm32f4xx_hal_adc_ex.o
 .debug_info    0x00000000000023e6      0xef5 Drivers/STM32F4xx_HAL_Driver/Src/stm32f4xx_hal_cortex.o
 .debug_info    0x00000000000032db      0x9f1 Drivers/STM32F4xx_HAL_Driver/Src/stm32f4xx_hal_dma.o
 .debug_info    0x0000000000003ccc      0x882 Drivers/STM32F4xx_HAL_Driver/Src/stm32f4xx_hal_gpio.o
 .debug_info    0x000000000000454e      0x9db Drivers/STM32F4xx_HAL_Driver/Src/stm32f4xx_hal_rcc.o
 .debug_info    0x0000000000004f29      0xa76 Drivers/STM32F4xx_HAL_Driver/Src/stm32f4xx_hal_rcc_ex.o
 .debug_info    0x000000000000599f     0x26cd Drivers/STM32F4xx_HAL_Driver/Src/stm32f4xx_hal_tim.o
 .debug_info    0x000000000000806c     0x125f Drivers/STM32F4xx_HAL_Driver/Src/stm32f4xx_hal_tim_ex.o
 .debug_info    0x00000000000092cb     0x1357 Drivers/STM32F4xx_HAL_Driver/Src/stm32f4xx_hal_uart.o
 .debug_info    0x000000000000a622     0x2197 Middlewares/Third_Party/FreeRTOS/Source/CMSIS_RTOS/cmsis_os.o
 .debug_info    0x000000000000c7b9      0xb82 Middlewares/Third_Party/FreeRTOS/Source/list.o
 .debug_info    0x000000000000d33b     0x20b0 Middlewares/Third_Party/FreeRTOS/Source/queue.o
 .debug_info    0x000000000000f3eb     0x2d24 Middlewares/Third_Party/FreeRTOS/Source/tasks.o
 .debug_info    0x000000000001210f      0x4f1 Middlewares/Third_Party/FreeRTOS/Source/portable/GCC/ARM_CM4F/port.o
 .debug_info    0x0000000000012600      0xc77 Middlewares/Third_Party/FreeRTOS/Source/portable/MemMang/heap_4.o
 .debug_info    0x0000000000013277      0x8f5 Src/freertos.o
 .debug_info    0x0000000000013b6c     0x1efa Src/main.o
 .debug_info    0x0000000000015a66      0x6ca Src/mz_dma_uart.o
 .debug_info    0x0000000000016130     0x12cd Src/stm32f4xx_hal_msp.o
 .debug_info    0x00000000000173fd      0xc1b Src/stm32f4xx_hal_timebase_tim.o
 .debug_info    0x0000000000018018      0xc99 Src/stm32f4xx_it.o
 .debug_info    0x0000000000018cb1      0x9b5 Src/sysmem.o
 .debug_info    0x0000000000019666      0x5dc Src/system_stm32f4xx.o
 .debug_info    0x0000000000019c42       0x22 Startup/startup_stm32f446retx.o

.debug_abbrev   0x0000000000000000     0x39fe
 .debug_abbrev  0x0000000000000000      0x1ed Drivers/STM32F4xx_HAL_Driver/Src/stm32f4xx_hal.o
 .debug_abbrev  0x00000000000001ed      0x22f Drivers/STM32F4xx_HAL_Driver/Src/stm32f4xx_hal_adc.o
 .debug_abbrev  0x000000000000041c      0x24a Drivers/STM32F4xx_HAL_Driver/Src/stm32f4xx_hal_adc_ex.o
 .debug_abbrev  0x0000000000000666      0x33c Drivers/STM32F4xx_HAL_Driver/Src/stm32f4xx_hal_cortex.o
 .debug_abbrev  0x00000000000009a2      0x259 Drivers/STM32F4xx_HAL_Driver/Src/stm32f4xx_hal_dma.o
 .debug_abbrev  0x0000000000000bfb      0x1f1 Drivers/STM32F4xx_HAL_Driver/Src/stm32f4xx_hal_gpio.o
 .debug_abbrev  0x0000000000000dec      0x275 Drivers/STM32F4xx_HAL_Driver/Src/stm32f4xx_hal_rcc.o
 .debug_abbrev  0x0000000000001061      0x1e2 Drivers/STM32F4xx_HAL_Driver/Src/stm32f4xx_hal_rcc_ex.o
 .debug_abbrev  0x0000000000001243      0x25e Drivers/STM32F4xx_HAL_Driver/Src/stm32f4xx_hal_tim.o
 .debug_abbrev  0x00000000000014a1      0x24c Drivers/STM32F4xx_HAL_Driver/Src/stm32f4xx_hal_tim_ex.o
 .debug_abbrev  0x00000000000016ed      0x270 Drivers/STM32F4xx_HAL_Driver/Src/stm32f4xx_hal_uart.o
 .debug_abbrev  0x000000000000195d      0x3c2 Middlewares/Third_Party/FreeRTOS/Source/CMSIS_RTOS/cmsis_os.o
 .debug_abbrev  0x0000000000001d1f      0x1f7 Middlewares/Third_Party/FreeRTOS/Source/list.o
 .debug_abbrev  0x0000000000001f16      0x380 Middlewares/Third_Party/FreeRTOS/Source/queue.o
 .debug_abbrev  0x0000000000002296      0x39c Middlewares/Third_Party/FreeRTOS/Source/tasks.o
 .debug_abbrev  0x0000000000002632      0x231 Middlewares/Third_Party/FreeRTOS/Source/portable/GCC/ARM_CM4F/port.o
 .debug_abbrev  0x0000000000002863      0x2d3 Middlewares/Third_Party/FreeRTOS/Source/portable/MemMang/heap_4.o
 .debug_abbrev  0x0000000000002b36      0x1da Src/freertos.o
 .debug_abbrev  0x0000000000002d10      0x2fa Src/main.o
 .debug_abbrev  0x000000000000300a      0x165 Src/mz_dma_uart.o
 .debug_abbrev  0x000000000000316f      0x1f5 Src/stm32f4xx_hal_msp.o
 .debug_abbrev  0x0000000000003364      0x1bf Src/stm32f4xx_hal_timebase_tim.o
 .debug_abbrev  0x0000000000003523      0x1a1 Src/stm32f4xx_it.o
 .debug_abbrev  0x00000000000036c4      0x1e3 Src/sysmem.o
 .debug_abbrev  0x00000000000038a7      0x145 Src/system_stm32f4xx.o
 .debug_abbrev  0x00000000000039ec       0x12 Startup/startup_stm32f446retx.o

.debug_aranges  0x0000000000000000     0x14d0
 .debug_aranges
                0x0000000000000000       0xf0 Drivers/STM32F4xx_HAL_Driver/Src/stm32f4xx_hal.o
 .debug_aranges
                0x00000000000000f0       0xe8 Drivers/STM32F4xx_HAL_Driver/Src/stm32f4xx_hal_adc.o
 .debug_aranges
                0x00000000000001d8       0x90 Drivers/STM32F4xx_HAL_Driver/Src/stm32f4xx_hal_adc_ex.o
 .debug_aranges
                0x0000000000000268      0x118 Drivers/STM32F4xx_HAL_Driver/Src/stm32f4xx_hal_cortex.o
 .debug_aranges
                0x0000000000000380       0x90 Drivers/STM32F4xx_HAL_Driver/Src/stm32f4xx_hal_dma.o
 .debug_aranges
                0x0000000000000410       0x58 Drivers/STM32F4xx_HAL_Driver/Src/stm32f4xx_hal_gpio.o
 .debug_aranges
                0x0000000000000468       0x88 Drivers/STM32F4xx_HAL_Driver/Src/stm32f4xx_hal_rcc.o
 .debug_aranges
                0x00000000000004f0       0x78 Drivers/STM32F4xx_HAL_Driver/Src/stm32f4xx_hal_rcc_ex.o
 .debug_aranges
                0x0000000000000568      0x3a8 Drivers/STM32F4xx_HAL_Driver/Src/stm32f4xx_hal_tim.o
 .debug_aranges
                0x0000000000000910      0x150 Drivers/STM32F4xx_HAL_Driver/Src/stm32f4xx_hal_tim_ex.o
 .debug_aranges
                0x0000000000000a60      0x1d0 Drivers/STM32F4xx_HAL_Driver/Src/stm32f4xx_hal_uart.o
 .debug_aranges
                0x0000000000000c30      0x1e8 Middlewares/Third_Party/FreeRTOS/Source/CMSIS_RTOS/cmsis_os.o
 .debug_aranges
                0x0000000000000e18       0x40 Middlewares/Third_Party/FreeRTOS/Source/list.o
 .debug_aranges
                0x0000000000000e58      0x120 Middlewares/Third_Party/FreeRTOS/Source/queue.o
 .debug_aranges
                0x0000000000000f78      0x220 Middlewares/Third_Party/FreeRTOS/Source/tasks.o
 .debug_aranges
                0x0000000000001198       0x80 Middlewares/Third_Party/FreeRTOS/Source/portable/GCC/ARM_CM4F/port.o
 .debug_aranges
                0x0000000000001218       0x50 Middlewares/Third_Party/FreeRTOS/Source/portable/MemMang/heap_4.o
 .debug_aranges
                0x0000000000001268       0x30 Src/freertos.o
 .debug_aranges
                0x0000000000001298       0x98 Src/main.o
 .debug_aranges
                0x0000000000001330       0x20 Src/mz_dma_uart.o
 .debug_aranges
                0x0000000000001350       0x58 Src/stm32f4xx_hal_msp.o
 .debug_aranges
                0x00000000000013a8       0x30 Src/stm32f4xx_hal_timebase_tim.o
 .debug_aranges
                0x00000000000013d8       0x88 Src/stm32f4xx_it.o
 .debug_aranges
                0x0000000000001460       0x20 Src/sysmem.o
 .debug_aranges
                0x0000000000001480       0x28 Src/system_stm32f4xx.o
 .debug_aranges
                0x00000000000014a8       0x28 Startup/startup_stm32f446retx.o

.debug_ranges   0x0000000000000000     0x1338
 .debug_ranges  0x0000000000000000       0xe0 Drivers/STM32F4xx_HAL_Driver/Src/stm32f4xx_hal.o
 .debug_ranges  0x00000000000000e0       0xd8 Drivers/STM32F4xx_HAL_Driver/Src/stm32f4xx_hal_adc.o
 .debug_ranges  0x00000000000001b8       0x80 Drivers/STM32F4xx_HAL_Driver/Src/stm32f4xx_hal_adc_ex.o
 .debug_ranges  0x0000000000000238      0x108 Drivers/STM32F4xx_HAL_Driver/Src/stm32f4xx_hal_cortex.o
 .debug_ranges  0x0000000000000340       0x80 Drivers/STM32F4xx_HAL_Driver/Src/stm32f4xx_hal_dma.o
 .debug_ranges  0x00000000000003c0       0x48 Drivers/STM32F4xx_HAL_Driver/Src/stm32f4xx_hal_gpio.o
 .debug_ranges  0x0000000000000408       0x78 Drivers/STM32F4xx_HAL_Driver/Src/stm32f4xx_hal_rcc.o
 .debug_ranges  0x0000000000000480       0x68 Drivers/STM32F4xx_HAL_Driver/Src/stm32f4xx_hal_rcc_ex.o
 .debug_ranges  0x00000000000004e8      0x398 Drivers/STM32F4xx_HAL_Driver/Src/stm32f4xx_hal_tim.o
 .debug_ranges  0x0000000000000880      0x140 Drivers/STM32F4xx_HAL_Driver/Src/stm32f4xx_hal_tim_ex.o
 .debug_ranges  0x00000000000009c0      0x1c0 Drivers/STM32F4xx_HAL_Driver/Src/stm32f4xx_hal_uart.o
 .debug_ranges  0x0000000000000b80      0x1d8 Middlewares/Third_Party/FreeRTOS/Source/CMSIS_RTOS/cmsis_os.o
 .debug_ranges  0x0000000000000d58       0x30 Middlewares/Third_Party/FreeRTOS/Source/list.o