main.c:93:5:main	144	static
main.c:190:6:SystemClock_Config	88	static
main.c:235:13:MX_ADC1_Init	24	static
main.c:285:13:MX_TIM4_Init	64	static
main.c:344:13:MX_USART2_UART_Init	8	static
main.c:375:13:MX_DMA_Init	16	static
main.c:400:13:MX_GPIO_Init	48	static
main.c:451:6:HAL_UART_RxCpltCallback	16	static
main.c:468:6:HAL_ADC_ConvCpltCallback	120	static
main.c:490:6:HAL_GPIO_EXTI_Callback	16	static
main.c:507:6:StartDefaultTask	96	static
main.c:533:6:StartUartTxTask	32	static
main.c:570:6:StartStatsTask	272	static
main.c:606:6:StartADCTask	24	static
main.c:632:6:HAL_TIM_PeriodElapsedCallback	16	static
main.c:649:6:Error_Handler	4	static
